../Core/Src/main.c:71:5:main	40	static,ignoring_inline_asm
../Core/Src/main.c:137:6:SystemClock_Config	88	static
../Core/Src/main.c:184:13:MX_GPIO_Init	56	static
../Core/Src/main.c:328:6:switch_priority	32	static
../Core/Src/main.c:361:13:task1_handler	16	static
../Core/Src/main.c:374:13:task2_handler	16	static
../Core/Src/main.c:386:6:button_interrupt_handler	8	static
../Core/Src/main.c:402:6:HAL_TIM_PeriodElapsedCallback	16	static
../Core/Src/main.c:420:6:Error_Handler	4	static,ignoring_inline_asm
