Archive member included to satisfy reference by file (symbol)

C:/ST/STM32CubeIDE_1.17.0/STM32CubeIDE/plugins/com.st.stm32cube.ide.mcu.externaltools.gnu-tools-for-stm32.13.3.rel1.win32_1.0.0.202411081344/tools/bin/../lib/gcc/arm-none-eabi/13.3.1/../../../../arm-none-eabi/lib/thumb/v7e-m+fp/hard\libc_nano.a(libc_a-exit.o)
                              C:/ST/STM32CubeIDE_1.17.0/STM32CubeIDE/plugins/com.st.stm32cube.ide.mcu.externaltools.gnu-tools-for-stm32.13.3.rel1.win32_1.0.0.202411081344/tools/bin/../lib/gcc/arm-none-eabi/13.3.1/../../../../arm-none-eabi/lib/thumb/v7e-m+fp/hard/crt0.o (exit)
C:/ST/STM32CubeIDE_1.17.0/STM32CubeIDE/plugins/com.st.stm32cube.ide.mcu.externaltools.gnu-tools-for-stm32.13.3.rel1.win32_1.0.0.202411081344/tools/bin/../lib/gcc/arm-none-eabi/13.3.1/../../../../arm-none-eabi/lib/thumb/v7e-m+fp/hard\libc_nano.a(libc_a-findfp.o)
                              C:/ST/STM32CubeIDE_1.17.0/STM32CubeIDE/plugins/com.st.stm32cube.ide.mcu.externaltools.gnu-tools-for-stm32.13.3.rel1.win32_1.0.0.202411081344/tools/bin/../lib/gcc/arm-none-eabi/13.3.1/../../../../arm-none-eabi/lib/thumb/v7e-m+fp/hard\libc_nano.a(libc_a-exit.o) (__stdio_exit_handler)
C:/ST/STM32CubeIDE_1.17.0/STM32CubeIDE/plugins/com.st.stm32cube.ide.mcu.externaltools.gnu-tools-for-stm32.13.3.rel1.win32_1.0.0.202411081344/tools/bin/../lib/gcc/arm-none-eabi/13.3.1/../../../../arm-none-eabi/lib/thumb/v7e-m+fp/hard\libc_nano.a(libc_a-fwalk.o)
                              C:/ST/STM32CubeIDE_1.17.0/STM32CubeIDE/plugins/com.st.stm32cube.ide.mcu.externaltools.gnu-tools-for-stm32.13.3.rel1.win32_1.0.0.202411081344/tools/bin/../lib/gcc/arm-none-eabi/13.3.1/../../../../arm-none-eabi/lib/thumb/v7e-m+fp/hard\libc_nano.a(libc_a-findfp.o) (_fwalk_sglue)
C:/ST/STM32CubeIDE_1.17.0/STM32CubeIDE/plugins/com.st.stm32cube.ide.mcu.externaltools.gnu-tools-for-stm32.13.3.rel1.win32_1.0.0.202411081344/tools/bin/../lib/gcc/arm-none-eabi/13.3.1/../../../../arm-none-eabi/lib/thumb/v7e-m+fp/hard\libc_nano.a(libc_a-stdio.o)
                              C:/ST/STM32CubeIDE_1.17.0/STM32CubeIDE/plugins/com.st.stm32cube.ide.mcu.externaltools.gnu-tools-for-stm32.13.3.rel1.win32_1.0.0.202411081344/tools/bin/../lib/gcc/arm-none-eabi/13.3.1/../../../../arm-none-eabi/lib/thumb/v7e-m+fp/hard\libc_nano.a(libc_a-findfp.o) (__sread)
C:/ST/STM32CubeIDE_1.17.0/STM32CubeIDE/plugins/com.st.stm32cube.ide.mcu.externaltools.gnu-tools-for-stm32.13.3.rel1.win32_1.0.0.202411081344/tools/bin/../lib/gcc/arm-none-eabi/13.3.1/../../../../arm-none-eabi/lib/thumb/v7e-m+fp/hard\libc_nano.a(libc_a-memset.o)
                              C:/ST/STM32CubeIDE_1.17.0/STM32CubeIDE/plugins/com.st.stm32cube.ide.mcu.externaltools.gnu-tools-for-stm32.13.3.rel1.win32_1.0.0.202411081344/tools/bin/../lib/gcc/arm-none-eabi/13.3.1/../../../../arm-none-eabi/lib/thumb/v7e-m+fp/hard/crt0.o (memset)
C:/ST/STM32CubeIDE_1.17.0/STM32CubeIDE/plugins/com.st.stm32cube.ide.mcu.externaltools.gnu-tools-for-stm32.13.3.rel1.win32_1.0.0.202411081344/tools/bin/../lib/gcc/arm-none-eabi/13.3.1/../../../../arm-none-eabi/lib/thumb/v7e-m+fp/hard\libc_nano.a(libc_a-closer.o)
                              C:/ST/STM32CubeIDE_1.17.0/STM32CubeIDE/plugins/com.st.stm32cube.ide.mcu.externaltools.gnu-tools-for-stm32.13.3.rel1.win32_1.0.0.202411081344/tools/bin/../lib/gcc/arm-none-eabi/13.3.1/../../../../arm-none-eabi/lib/thumb/v7e-m+fp/hard\libc_nano.a(libc_a-stdio.o) (_close_r)
C:/ST/STM32CubeIDE_1.17.0/STM32CubeIDE/plugins/com.st.stm32cube.ide.mcu.externaltools.gnu-tools-for-stm32.13.3.rel1.win32_1.0.0.202411081344/tools/bin/../lib/gcc/arm-none-eabi/13.3.1/../../../../arm-none-eabi/lib/thumb/v7e-m+fp/hard\libc_nano.a(libc_a-reent.o)
                              C:/ST/STM32CubeIDE_1.17.0/STM32CubeIDE/plugins/com.st.stm32cube.ide.mcu.externaltools.gnu-tools-for-stm32.13.3.rel1.win32_1.0.0.202411081344/tools/bin/../lib/gcc/arm-none-eabi/13.3.1/../../../../arm-none-eabi/lib/thumb/v7e-m+fp/hard\libc_nano.a(libc_a-closer.o) (errno)
C:/ST/STM32CubeIDE_1.17.0/STM32CubeIDE/plugins/com.st.stm32cube.ide.mcu.externaltools.gnu-tools-for-stm32.13.3.rel1.win32_1.0.0.202411081344/tools/bin/../lib/gcc/arm-none-eabi/13.3.1/../../../../arm-none-eabi/lib/thumb/v7e-m+fp/hard\libc_nano.a(libc_a-impure.o)
                              C:/ST/STM32CubeIDE_1.17.0/STM32CubeIDE/plugins/com.st.stm32cube.ide.mcu.externaltools.gnu-tools-for-stm32.13.3.rel1.win32_1.0.0.202411081344/tools/bin/../lib/gcc/arm-none-eabi/13.3.1/../../../../arm-none-eabi/lib/thumb/v7e-m+fp/hard\libc_nano.a(libc_a-reent.o) (_impure_ptr)
C:/ST/STM32CubeIDE_1.17.0/STM32CubeIDE/plugins/com.st.stm32cube.ide.mcu.externaltools.gnu-tools-for-stm32.13.3.rel1.win32_1.0.0.202411081344/tools/bin/../lib/gcc/arm-none-eabi/13.3.1/../../../../arm-none-eabi/lib/thumb/v7e-m+fp/hard\libc_nano.a(libc_a-lseekr.o)
[...]
Memory Configuration

Name             Origin             Length             Attributes
CCMRAM           0x10000000         0x00010000         xrw
RAM              0x20000000         0x00020000         xrw
FLASH            0x08000000         0x00100000         xr
*default*        0x00000000         0xffffffff

Linker script and memory map

LOAD C:/ST/STM32CubeIDE_1.17.0/STM32CubeIDE/plugins/com.st.stm32cube.ide.mcu.externaltools.gnu-tools-for-stm32.13.3.rel1.win32_1.0.0.202411081344/tools/bin/../lib/gcc/arm-none-eabi/13.3.1/thumb/v7e-m+fp/hard/crti.o
LOAD C:/ST/STM32CubeIDE_1.17.0/STM32CubeIDE/plugins/com.st.stm32cube.ide.mcu.externaltools.gnu-tools-for-stm32.13.3.rel1.win32_1.0.0.202411081344/tools/bin/../lib/gcc/arm-none-eabi/13.3.1/thumb/v7e-m+fp/hard/crtbegin.o
LOAD C:/ST/STM32CubeIDE_1.17.0/STM32CubeIDE/plugins/com.st.stm32cube.ide.mcu.externaltools.gnu-tools-for-stm32.13.3.rel1.win32_1.0.0.202411081344/tools/bin/../lib/gcc/arm-none-eabi/13.3.1/../../../../arm-none-eabi/lib/thumb/v7e-m+fp/hard/crt0.o
LOAD ./Core/Src/main.o
LOAD ./Core/Src/stm32f4xx_hal_msp.o
LOAD ./Core/Src/stm32f4xx_hal_timebase_tim.o
LOAD ./Core/Src/stm32f4xx_it.o
LOAD ./Core/Src/syscalls.o
LOAD ./Core/Src/sysmem.o
LOAD ./Core/Src/system_stm32f4xx.o
LOAD ./Core/Src/task_handler.o
LOAD ./Core/Startup/startup_stm32f407vgtx.o
LOAD ./Drivers/STM32F4xx_HAL_Driver/Src/stm32f4xx_hal.o
LOAD ./Drivers/STM32F4xx_HAL_Driver/Src/stm32f4xx_hal_cortex.o
LOAD ./Drivers/STM32F4xx_HAL_Driver/Src/stm32f4xx_hal_dma.o
LOAD ./Drivers/STM32F4xx_HAL_Driver/Src/stm32f4xx_hal_dma_ex.o
LOAD ./Drivers/STM32F4xx_HAL_Driver/Src/stm32f4xx_hal_exti.o
LOAD ./Drivers/STM32F4xx_HAL_Driver/Src/stm32f4xx_hal_flash.o
LOAD ./Drivers/STM32F4xx_HAL_Driver/Src/stm32f4xx_hal_flash_ex.o
LOAD ./Drivers/STM32F4xx_HAL_Driver/Src/stm32f4xx_hal_flash_ramfunc.o
LOAD ./Drivers/STM32F4xx_HAL_Driver/Src/stm32f4xx_hal_gpio.o
LOAD ./Drivers/STM32F4xx_HAL_Driver/Src/stm32f4xx_hal_pwr.o
LOAD ./Drivers/STM32F4xx_HAL_Driver/Src/stm32f4xx_hal_pwr_ex.o
LOAD ./Drivers/STM32F4xx_HAL_Driver/Src/stm32f4xx_hal_rcc.o
LOAD ./Drivers/STM32F4xx_HAL_Driver/Src/stm32f4xx_hal_rcc_ex.o
LOAD ./Drivers/STM32F4xx_HAL_Driver/Src/stm32f4xx_hal_rtc.o
LOAD ./Drivers/STM32F4xx_HAL_Driver/Src/stm32f4xx_hal_rtc_ex.o
LOAD ./Drivers/STM32F4xx_HAL_Driver/Src/stm32f4xx_hal_tim.o
LOAD ./Drivers/STM32F4xx_HAL_Driver/Src/stm32f4xx_hal_tim_ex.o
LOAD ./Drivers/STM32F4xx_HAL_Driver/Src/stm32f4xx_hal_uart.o
LOAD ./common/ThirdParty/FreeRTOS/croutine.o
LOAD ./common/ThirdParty/FreeRTOS/event_groups.o
LOAD ./common/ThirdParty/FreeRTOS/list.o
LOAD ./common/ThirdParty/FreeRTOS/queue.o
LOAD ./common/ThirdParty/FreeRTOS/stream_buffer.o
LOAD ./common/ThirdParty/FreeRTOS/tasks.o
LOAD ./common/ThirdParty/FreeRTOS/timers.o
LOAD ./common/ThirdParty/FreeRTOS/portable/GCC/ARM_CM4F/port.o
LOAD ./common/ThirdParty/FreeRTOS/portable/MemMang/heap_4.o
START GROUP
LOAD C:/ST/STM32CubeIDE_1.17.0/STM32CubeIDE/plugins/com.st.stm32cube.ide.mcu.externaltools.gnu-tools-for-stm32.13.3.rel1.win32_1.0.0.202411081344/tools/bin/../lib/gcc/arm-none-eabi/13.3.1/../../../../arm-none-eabi/lib/thumb/v7e-m+fp/hard\libc_nano.a
LOAD C:/ST/STM32CubeIDE_1.17.0/STM32CubeIDE/plugins/com.st.stm32cube.ide.mcu.externaltools.gnu-tools-for-stm32.13.3.rel1.win32_1.0.0.202411081344/tools/bin/../lib/gcc/arm-none-eabi/13.3.1/../../../../arm-none-eabi/lib/thumb/v7e-m+fp/hard\libm.a
END GROUP
START GROUP
LOAD C:/ST/STM32CubeIDE_1.17.0/STM32CubeIDE/plugins/com.st.stm32cube.ide.mcu.externaltools.gnu-tools-for-stm32.13.3.rel1.win32_1.0.0.202411081344/tools/bin/../lib/gcc/arm-none-eabi/13.3.1/thumb/v7e-m+fp/hard\libgcc.a
LOAD C:/ST/STM32CubeIDE_1.17.0/STM32CubeIDE/plugins/com.st.stm32cube.ide.mcu.externaltools.gnu-tools-for-stm32.13.3.rel1.win32_1.0.0.202411081344/tools/bin/../lib/gcc/arm-none-eabi/13.3.1/../../../../arm-none-eabi/lib/thumb/v7e-m+fp/hard\libc_nano.a
END GROUP
START GROUP
LOAD C:/ST/STM32CubeIDE_1.17.0/STM32CubeIDE/plugins/com.st.stm32cube.ide.mcu.externaltools.gnu-tools-for-stm32.13.3.rel1.win32_1.0.0.202411081344/tools/bin/../lib/gcc/arm-none-eabi/13.3.1/thumb/v7e-m+fp/hard\libgcc.a
LOAD C:/ST/STM32CubeIDE_1.17.0/STM32CubeIDE/plugins/com.st.stm32cube.ide.mcu.externaltools.gnu-tools-for-stm32.13.3.rel1.win32_1.0.0.202411081344/tools/bin/../lib/gcc/arm-none-eabi/13.3.1/../../../../arm-none-eabi/lib/thumb/v7e-m+fp/hard\libc_nano.a
LOAD C:/ST/STM32CubeIDE_1.17.0/STM32CubeIDE/plugins/com.st.stm32cube.ide.mcu.externaltools.gnu-tools-for-stm32.13.3.rel1.win32_1.0.0.202411081344/tools/bin/../lib/gcc/arm-none-eabi/13.3.1/../../../../arm-none-eabi/lib/thumb/v7e-m+fp/hard\libnosys.a
END GROUP
START GROUP
LOAD C:/ST/STM32CubeIDE_1.17.0/STM32CubeIDE/plugins/com.st.stm32cube.ide.mcu.externaltools.gnu-tools-for-stm32.13.3.rel1.win32_1.0.0.202411081344/tools/bin/../lib/gcc/arm-none-eabi/13.3.1/thumb/v7e-m+fp/hard\libgcc.a
LOAD C:/ST/STM32CubeIDE_1.17.0/STM32CubeIDE/plugins/com.st.stm32cube.ide.mcu.externaltools.gnu-tools-for-stm32.13.3.rel1.win32_1.0.0.202411081344/tools/bin/../lib/gcc/arm-none-eabi/13.3.1/../../../../arm-none-eabi/lib/thumb/v7e-m+fp/hard\libc_nano.a
LOAD C:/ST/STM32CubeIDE_1.17.0/STM32CubeIDE/plugins/com.st.stm32cube.ide.mcu.externaltools.gnu-tools-for-stm32.13.3.rel1.win32_1.0.0.202411081344/tools/bin/../lib/gcc/arm-none-eabi/13.3.1/../../../../arm-none-eabi/lib/thumb/v7e-m+fp/hard\libnosys.a
END GROUP
LOAD C:/ST/STM32CubeIDE_1.17.0/STM32CubeIDE/plugins/com.st.stm32cube.ide.mcu.externaltools.gnu-tools-for-stm32.13.3.rel1.win32_1.0.0.202411081344/tools/bin/../lib/gcc/arm-none-eabi/13.3.1/thumb/v7e-m+fp/hard/crtend.o
LOAD C:/ST/STM32CubeIDE_1.17.0/STM32CubeIDE/plugins/com.st.stm32cube.ide.mcu.externaltools.gnu-tools-for-stm32.13.3.rel1.win32_1.0.0.202411081344/tools/bin/../lib/gcc/arm-none-eabi/13.3.1/thumb/v7e-m+fp/hard/crtn.o
                0x20020000                        _estack = (ORIGIN (RAM) + LENGTH (RAM))
                0x00000200                        _Min_Heap_Size = 0x200
                0x00000400                        _Min_Stack_Size = 0x400

.isr_vector     0x08000000      0x188
                0x08000000                        . = ALIGN (0x4)
 *(.isr_vector)
 .isr_vector    0x08000000      0x188 ./Core/Startup/startup_stm32f407vgtx.o
                0x08000000                g_pfnVectors
                0x08000188                        . = ALIGN (0x4)

.text           0x08000190     0x47c0
                0x08000190                        . = ALIGN (0x4)
 *(.text)
 .text          0x08000190       0x40 C:/ST/STM32CubeIDE_1.17.0/STM32CubeIDE/plugins/com.st.stm32cube.ide.mcu.externaltools.gnu-tools-for-stm32.13.3.rel1.win32_1.0.0.202411081344/tools/bin/../lib/gcc/arm-none-eabi/13.3.1/thumb/v7e-m+fp/hard/crtbegin.o
 .text          0x080001d0       0x30 C:/ST/STM32CubeIDE_1.17.0/STM32CubeIDE/plugins/com.st.stm32cube.ide.mcu.externaltools.gnu-tools-for-stm32.13.3.rel1.win32_1.0.0.202411081344/tools/bin/../lib/gcc/arm-none-eabi/13.3.1/thumb/v7e-m+fp/hard\libgcc.a(_aeabi_uldivmod.o)
                0x080001d0                __aeabi_uldivmod
 .text          0x08000200      0x2f8 C:/ST/STM32CubeIDE_1.17.0/STM32CubeIDE/plugins/com.st.stm32cube.ide.mcu.externaltools.gnu-tools-for-stm32.13.3.rel1.win32_1.0.0.202411081344/tools/bin/../lib/gcc/arm-none-eabi/13.3.1/thumb/v7e-m+fp/hard\libgcc.a(_udivmoddi4.o)
                0x08000200                __udivmoddi4
 .text          0x080004f8        0x4 C:/ST/STM32CubeIDE_1.17.0/STM32CubeIDE/plugins/com.st.stm32cube.ide.mcu.externaltools.gnu-tools-for-stm32.13.3.rel1.win32_1.0.0.202411081344/tools/bin/../lib/gcc/arm-none-eabi/13.3.1/thumb/v7e-m+fp/hard\libgcc.a(_dvmd_tls.o)
                0x080004f8                __aeabi_idiv0
                0x080004f8                __aeabi_ldiv0
 *(.text*)
 .text.main     0x080004fc      0x1d8 ./Core/Src/main.o
                0x080004fc                main
 .text.SystemClock_Config
                0x080006d4       0xd8 ./Core/Src/main.o
                0x080006d4                SystemClock_Config
 .text.MX_RTC_Init
                0x080007ac       0x4c ./Core/Src/main.o
 .text.MX_USART2_UART_Init
                0x080007f8       0x54 ./Core/Src/main.o
 .text.MX_GPIO_Init
                0x0800084c      0x2bc ./Core/Src/main.o
 .text.HAL_TIM_PeriodElapsedCallback
                0x08000b08       0x24 ./Core/Src/main.o
                0x08000b08                HAL_TIM_PeriodElapsedCallback
 .text.Error_Handler
                0x08000b2c        0xc ./Core/Src/main.o
                0x08000b2c                Error_Handler
 .text.HAL_MspInit
                0x08000b38       0x50 ./Core/Src/stm32f4xx_hal_msp.o
                0x08000b38                HAL_MspInit
 .text.HAL_RTC_MspInit
                0x08000b88       0x54 ./Core/Src/stm32f4xx_hal_msp.o
                0x08000b88                HAL_RTC_MspInit
 .text.HAL_UART_MspInit
                0x08000bdc       0xa0 ./Core/Src/stm32f4xx_hal_msp.o
                0x08000bdc                HAL_UART_MspInit
 .text.HAL_InitTick
                0x08000c7c       0xf8 ./Core/Src/stm32f4xx_hal_timebase_tim.o
                0x08000c7c                HAL_InitTick
 .text.NMI_Handler
                0x08000d74        0x8 ./Core/Src/stm32f4xx_it.o
                0x08000d74                NMI_Handler
 .text.HardFault_Handler
                0x08000d7c        0x8 ./Core/Src/stm32f4xx_it.o
                0x08000d7c                HardFault_Handler
 .text.MemManage_Handler
                0x08000d84        0x8 ./Core/Src/stm32f4xx_it.o
                0x08000d84                MemManage_Handler
 .text.BusFault_Handler
                0x08000d8c        0x8 ./Core/Src/stm32f4xx_it.o
                0x08000d8c                BusFault_Handler
 .text.UsageFault_Handler
                0x08000d94        0x8 ./Core/Src/stm32f4xx_it.o
                0x08000d94                UsageFault_Handler
 .text.DebugMon_Handler
                0x08000d9c        0xe ./Core/Src/stm32f4xx_it.o
                0x08000d9c                DebugMon_Handler
 *fill*         0x08000daa        0x2 
 .text.USART2_IRQHandler
                0x08000dac       0x14 ./Core/Src/stm32f4xx_it.o
                0x08000dac                USART2_IRQHandler
 .text.TIM6_DAC_IRQHandler
                0x08000dc0       0x14 ./Core/Src/stm32f4xx_it.o
                0x08000dc0                TIM6_DAC_IRQHandler
 .text.SystemInit
                0x08000dd4       0x24 ./Core/Src/system_stm32f4xx.o
                0x08000dd4                SystemInit
 .text.menu_task
                0x08000df8        0xc ./Core/Src/task_handler.o
                0x08000df8                menu_task
 .text.cmd_handler_task
                0x08000e04        0xc ./Core/Src/task_handler.o
                0x08000e04                cmd_handler_task
 .text.print_task
                0x08000e10        0xc ./Core/Src/task_handler.o
                0x08000e10                print_task
 .text.led_task
                0x08000e1c        0xc ./Core/Src/task_handler.o
                0x08000e1c                led_task
 .text.rtc_task
                0x08000e28        0xc ./Core/Src/task_handler.o
                0x08000e28                rtc_task
 .text.Reset_Handler
                0x08000e34       0x50 ./Core/Startup/startup_stm32f407vgtx.o
                0x08000e34                Reset_Handler
 .text.Default_Handler
                0x08000e84        0x2 ./Core/Startup/startup_stm32f407vgtx.o
                0x08000e84                RTC_Alarm_IRQHandler
                0x08000e84                HASH_RNG_IRQHandler
                0x08000e84                EXTI2_IRQHandler
                0x08000e84                TIM8_CC_IRQHandler
                0x08000e84                TIM1_CC_IRQHandler
                0x08000e84                DMA2_Stream5_IRQHandler
                0x08000e84                DMA1_Stream5_IRQHandler
                0x08000e84                PVD_IRQHandler
                0x08000e84                SDIO_IRQHandler
                0x08000e84                TAMP_STAMP_IRQHandler
                0x08000e84                CAN2_RX1_IRQHandler
                0x08000e84                EXTI3_IRQHandler
                0x08000e84                TIM8_TRG_COM_TIM14_IRQHandler
                0x08000e84                TIM1_UP_TIM10_IRQHandler
                0x08000e84                TIM8_UP_TIM13_IRQHandler
                0x08000e84                I2C3_ER_IRQHandler
                0x08000e84                EXTI0_IRQHandler
                0x08000e84                I2C2_EV_IRQHandler
                0x08000e84                DMA1_Stream2_IRQHandler
                0x08000e84                CAN1_RX0_IRQHandler
                0x08000e84                FPU_IRQHandler
                0x08000e84                OTG_HS_WKUP_IRQHandler
                0x08000e84                CAN2_SCE_IRQHandler
                0x08000e84                DMA2_Stream2_IRQHandler
                0x08000e84                SPI1_IRQHandler
                0x08000e84                TIM1_BRK_TIM9_IRQHandler
                0x08000e84                DCMI_IRQHandler
                0x08000e84                CAN2_RX0_IRQHandler
                0x08000e84                DMA2_Stream3_IRQHandler
                0x08000e84                USART6_IRQHandler
                0x08000e84                USART3_IRQHandler
                0x08000e84                CAN1_RX1_IRQHandler
                0x08000e84                UART5_IRQHandler
                0x08000e84                DMA2_Stream0_IRQHandler
                0x08000e84                TIM4_IRQHandler
                0x08000e84                I2C1_EV_IRQHandler
                0x08000e84                DMA1_Stream6_IRQHandler
                0x08000e84                DMA1_Stream1_IRQHandler
                0x08000e84                UART4_IRQHandler
                0x08000e84                TIM3_IRQHandler
                0x08000e84                RCC_IRQHandler
                0x08000e84                TIM8_BRK_TIM12_IRQHandler
                0x08000e84                Default_Handler
                0x08000e84                EXTI15_10_IRQHandler
                0x08000e84                ADC_IRQHandler
                0x08000e84                DMA1_Stream7_IRQHandler
                0x08000e84                TIM7_IRQHandler
                0x08000e84                CAN2_TX_IRQHandler
                0x08000e84                TIM5_IRQHandler
                0x08000e84                DMA2_Stream7_IRQHandler
                0x08000e84                I2C3_EV_IRQHandler
                0x08000e84                EXTI9_5_IRQHandler
                0x08000e84                RTC_WKUP_IRQHandler
                0x08000e84                ETH_WKUP_IRQHandler
                0x08000e84                SPI2_IRQHandler
                0x08000e84                OTG_HS_EP1_IN_IRQHandler
                0x08000e84                DMA1_Stream0_IRQHandler
                0x08000e84                CAN1_TX_IRQHandler
                0x08000e84                EXTI4_IRQHandler
                0x08000e84                FSMC_IRQHandler
                0x08000e84                ETH_IRQHandler
                0x08000e84                OTG_HS_EP1_OUT_IRQHandler
                0x08000e84                WWDG_IRQHandler
                0x08000e84                TIM2_IRQHandler
                0x08000e84                OTG_FS_WKUP_IRQHandler
                0x08000e84                TIM1_TRG_COM_TIM11_IRQHandler
                0x08000e84                OTG_HS_IRQHandler
                0x08000e84                EXTI1_IRQHandler
                0x08000e84                I2C2_ER_IRQHandler
                0x08000e84                DMA2_Stream1_IRQHandler
                0x08000e84                CAN1_SCE_IRQHandler
                0x08000e84                FLASH_IRQHandler
                0x08000e84                DMA2_Stream4_IRQHandler
                0x08000e84                USART1_IRQHandler
                0x08000e84                OTG_FS_IRQHandler
                0x08000e84                SPI3_IRQHandler
                0x08000e84                DMA1_Stream4_IRQHandler
                0x08000e84                I2C1_ER_IRQHandler
                0x08000e84                DMA2_Stream6_IRQHandler
                0x08000e84                DMA1_Stream3_IRQHandler
 *fill*         0x08000e86        0x2 
 .text.HAL_Init
                0x08000e88       0x44 ./Drivers/STM32F4xx_HAL_Driver/Src/stm32f4xx_hal.o
                0x08000e88                HAL_Init
 .text.HAL_IncTick
                0x08000ecc       0x28 ./Drivers/STM32F4xx_HAL_Driver/Src/stm32f4xx_hal.o
                0x08000ecc                HAL_IncTick
 .text.HAL_GetTick
                0x08000ef4       0x18 ./Drivers/STM32F4xx_HAL_Driver/Src/stm32f4xx_hal.o
                0x08000ef4                HAL_GetTick
 .text.__NVIC_SetPriorityGrouping
                0x08000f0c       0x48 ./Drivers/STM32F4xx_HAL_Driver/Src/stm32f4xx_hal_cortex.o
 .text.__NVIC_GetPriorityGrouping
                0x08000f54       0x1c ./Drivers/STM32F4xx_HAL_Driver/Src/stm32f4xx_hal_cortex.o
 .text.__NVIC_EnableIRQ
                0x08000f70       0x3c ./Drivers/STM32F4xx_HAL_Driver/Src/stm32f4xx_hal_cortex.o
 .text.__NVIC_SetPriority
                0x08000fac       0x54 ./Drivers/STM32F4xx_HAL_Driver/Src/stm32f4xx_hal_cortex.o
 .text.NVIC_EncodePriority
                0x08001000       0x66 ./Drivers/STM32F4xx_HAL_Driver/Src/stm32f4xx_hal_cortex.o
 .text.HAL_NVIC_SetPriorityGrouping
                0x08001066       0x16 ./Drivers/STM32F4xx_HAL_Driver/Src/stm32f4xx_hal_cortex.o
                0x08001066                HAL_NVIC_SetPriorityGrouping
 .text.HAL_NVIC_SetPriority
                0x0800107c       0x38 ./Drivers/STM32F4xx_HAL_Driver/Src/stm32f4xx_hal_cortex.o
                0x0800107c                HAL_NVIC_SetPriority
 .text.HAL_NVIC_EnableIRQ
                0x080010b4       0x1c ./Drivers/STM32F4xx_HAL_Driver/Src/stm32f4xx_hal_cortex.o
                0x080010b4                HAL_NVIC_EnableIRQ
 .text.HAL_DMA_Abort
                0x080010d0       0xe0 ./Drivers/STM32F4xx_HAL_Driver/Src/stm32f4xx_hal_dma.o
                0x080010d0                HAL_DMA_Abort
 .text.HAL_DMA_Abort_IT
                0x080011b0       0x44 ./Drivers/STM32F4xx_HAL_Driver/Src/stm32f4xx_hal_dma.o
                0x080011b0                HAL_DMA_Abort_IT
 .text.HAL_GPIO_Init
                0x080011f4      0x338 ./Drivers/STM32F4xx_HAL_Driver/Src/stm32f4xx_hal_gpio.o
                0x080011f4                HAL_GPIO_Init
 .text.HAL_GPIO_WritePin
                0x0800152c       0x32 ./Drivers/STM32F4xx_HAL_Driver/Src/stm32f4xx_hal_gpio.o
                0x0800152c                HAL_GPIO_WritePin
 *fill*         0x0800155e        0x2 
 .text.HAL_RCC_OscConfig
                0x08001560      0x4f0 ./Drivers/STM32F4xx_HAL_Driver/Src/stm32f4xx_hal_rcc.o
                0x08001560                HAL_RCC_OscConfig
 .text.HAL_RCC_ClockConfig
                0x08001a50      0x1cc ./Drivers/STM32F4xx_HAL_Driver/Src/stm32f4xx_hal_rcc.o
                0x08001a50                HAL_RCC_ClockConfig
 .text.HAL_RCC_GetSysClockFreq
                0x08001c1c      0x20c ./Drivers/STM32F4xx_HAL_Driver/Src/stm32f4xx_hal_rcc.o
                0x08001c1c                HAL_RCC_GetSysClockFreq
 .text.HAL_RCC_GetHCLKFreq
                0x08001e28       0x18 ./Drivers/STM32F4xx_HAL_Driver/Src/stm32f4xx_hal_rcc.o
                0x08001e28                HAL_RCC_GetHCLKFreq
 .text.HAL_RCC_GetPCLK1Freq
                0x08001e40       0x28 ./Drivers/STM32F4xx_HAL_Driver/Src/stm32f4xx_hal_rcc.o
                0x08001e40                HAL_RCC_GetPCLK1Freq
 .text.HAL_RCC_GetPCLK2Freq
                0x08001e68       0x28 ./Drivers/STM32F4xx_HAL_Driver/Src/stm32f4xx_hal_rcc.o
                0x08001e68                HAL_RCC_GetPCLK2Freq
 .text.HAL_RCC_GetClockConfig
                0x08001e90       0x64 ./Drivers/STM32F4xx_HAL_Driver/Src/stm32f4xx_hal_rcc.o
                0x08001e90                HAL_RCC_GetClockConfig
 .text.HAL_RCCEx_PeriphCLKConfig
                0x08001ef4      0x1c4 ./Drivers/STM32F4xx_HAL_Driver/Src/stm32f4xx_hal_rcc_ex.o
                0x08001ef4                HAL_RCCEx_PeriphCLKConfig
 .text.HAL_RTC_Init
                0x080020b8      0x102 ./Drivers/STM32F4xx_HAL_Driver/Src/stm32f4xx_hal_rtc.o
                0x080020b8                HAL_RTC_Init
 *fill*         0x080021ba        0x2 
 .text.HAL_RTC_WaitForSynchro
                0x080021bc       0x4c ./Drivers/STM32F4xx_HAL_Driver/Src/stm32f4xx_hal_rtc.o
                0x080021bc                HAL_RTC_WaitForSynchro
 .text.RTC_EnterInitMode
                0x08002208       0x6e ./Drivers/STM32F4xx_HAL_Driver/Src/stm32f4xx_hal_rtc.o
                0x08002208                RTC_EnterInitMode
 .text.RTC_ExitInitMode
                0x08002276       0x4a ./Drivers/STM32F4xx_HAL_Driver/Src/stm32f4xx_hal_rtc.o
                0x08002276                RTC_ExitInitMode
 .text.HAL_TIM_Base_Init
                0x080022c0       0x9e ./Drivers/STM32F4xx_HAL_Driver/Src/stm32f4xx_hal_tim.o
                0x080022c0                HAL_TIM_Base_Init
 .text.HAL_TIM_Base_MspInit
                0x0800235e       0x14 ./Drivers/STM32F4xx_HAL_Driver/Src/stm32f4xx_hal_tim.o
                0x0800235e                HAL_TIM_Base_MspInit
 *fill*         0x08002372        0x2 
 .text.HAL_TIM_Base_Start_IT
                0x08002374       0xe0 ./Drivers/STM32F4xx_HAL_Driver/Src/stm32f4xx_hal_tim.o
                0x08002374                HAL_TIM_Base_Start_IT
 .text.HAL_TIM_IRQHandler
                0x08002454      0x1e0 ./Drivers/STM32F4xx_HAL_Driver/Src/stm32f4xx_hal_tim.o
                0x08002454                HAL_TIM_IRQHandler
 .text.HAL_TIM_OC_DelayElapsedCallback
                0x08002634       0x14 ./Drivers/STM32F4xx_HAL_Driver/Src/stm32f4xx_hal_tim.o
                0x08002634                HAL_TIM_OC_DelayElapsedCallback
 .text.HAL_TIM_IC_CaptureCallback
                0x08002648       0x14 ./Drivers/STM32F4xx_HAL_Driver/Src/stm32f4xx_hal_tim.o
                0x08002648                HAL_TIM_IC_CaptureCallback
 .text.HAL_TIM_PWM_PulseFinishedCallback
                0x0800265c       0x14 ./Drivers/STM32F4xx_HAL_Driver/Src/stm32f4xx_hal_tim.o
                0x0800265c                HAL_TIM_PWM_PulseFinishedCallback
 .text.HAL_TIM_TriggerCallback
                0x08002670       0x14 ./Drivers/STM32F4xx_HAL_Driver/Src/stm32f4xx_hal_tim.o
                0x08002670                HAL_TIM_TriggerCallback
 .text.TIM_Base_SetConfig
                0x08002684      0x14c ./Drivers/STM32F4xx_HAL_Driver/Src/stm32f4xx_hal_tim.o
                0x08002684                TIM_Base_SetConfig
 .text.HAL_TIMEx_CommutCallback
                0x080027d0       0x14 ./Drivers/STM32F4xx_HAL_Driver/Src/stm32f4xx_hal_tim_ex.o
                0x080027d0                HAL_TIMEx_CommutCallback
 .text.HAL_TIMEx_BreakCallback
                0x080027e4       0x14 ./Drivers/STM32F4xx_HAL_Driver/Src/stm32f4xx_hal_tim_ex.o
                0x080027e4                HAL_TIMEx_BreakCallback
 .text.HAL_UART_Init
                0x080027f8       0xa0 ./Drivers/STM32F4xx_HAL_Driver/Src/stm32f4xx_hal_uart.o
                0x080027f8                HAL_UART_Init
 .text.HAL_UART_Receive_IT
                0x08002898       0x4a ./Drivers/STM32F4xx_HAL_Driver/Src/stm32f4xx_hal_uart.o
                0x08002898                HAL_UART_Receive_IT
 *fill*         0x080028e2        0x2 
 .text.HAL_UART_IRQHandler
                0x080028e4      0x554 ./Drivers/STM32F4xx_HAL_Driver/Src/stm32f4xx_hal_uart.o
                0x080028e4                HAL_UART_IRQHandler
 .text.HAL_UART_TxCpltCallback
                0x08002e38       0x14 ./Drivers/STM32F4xx_HAL_Driver/Src/stm32f4xx_hal_uart.o
                0x08002e38                HAL_UART_TxCpltCallback
 .text.HAL_UART_RxCpltCallback
                0x08002e4c       0x14 ./Drivers/STM32F4xx_HAL_Driver/Src/stm32f4xx_hal_uart.o
                0x08002e4c                HAL_UART_RxCpltCallback
 .text.HAL_UART_ErrorCallback
                0x08002e60       0x14 ./Drivers/STM32F4xx_HAL_Driver/Src/stm32f4xx_hal_uart.o
                0x08002e60                HAL_UART_ErrorCallback
 .text.HAL_UARTEx_RxEventCallback
                0x08002e74       0x18 ./Drivers/STM32F4xx_HAL_Driver/Src/stm32f4xx_hal_uart.o
                0x08002e74                HAL_UARTEx_RxEventCallback
 .text.UART_Start_Receive_IT
                0x08002e8c       0x74 ./Drivers/STM32F4xx_HAL_Driver/Src/stm32f4xx_hal_uart.o
                0x08002e8c                UART_Start_Receive_IT
 .text.UART_EndRxTransfer
                0x08002f00       0xc6 ./Drivers/STM32F4xx_HAL_Driver/Src/stm32f4xx_hal_uart.o
 .text.UART_DMAAbortOnError
                0x08002fc6       0x22 ./Drivers/STM32F4xx_HAL_Driver/Src/stm32f4xx_hal_uart.o
 .text.UART_Transmit_IT
                0x08002fe8       0xa0 ./Drivers/STM32F4xx_HAL_Driver/Src/stm32f4xx_hal_uart.o
 .text.UART_EndTransmit_IT
                0x08003088       0x30 ./Drivers/STM32F4xx_HAL_Driver/Src/stm32f4xx_hal_uart.o
 .text.UART_Receive_IT
                0x080030b8      0x17c ./Drivers/STM32F4xx_HAL_Driver/Src/stm32f4xx_hal_uart.o
 .text.UART_SetConfig
                0x08003234      0x4e8 ./Drivers/STM32F4xx_HAL_Driver/Src/stm32f4xx_hal_uart.o
 .text.vListInitialise
                0x0800371c       0x40 ./common/ThirdParty/FreeRTOS/list.o
                0x0800371c                vListInitialise
 .text.vListInitialiseItem
                0x0800375c       0x1a ./common/ThirdParty/FreeRTOS/list.o
                0x0800375c                vListInitialiseItem
 .text.vListInsertEnd
                0x08003776       0x48 ./common/ThirdParty/FreeRTOS/list.o
                0x08003776                vListInsertEnd
 .text.uxListRemove
                0x080037be       0x54 ./common/ThirdParty/FreeRTOS/list.o
                0x080037be                uxListRemove
 *fill*         0x08003812        0x2 
 .text.xQueueGenericReset
                0x08003814       0xd4 ./common/ThirdParty/FreeRTOS/queue.o
                0x08003814                xQueueGenericReset
 .text.xQueueGenericCreate
                0x080038e8       0xc4 ./common/ThirdParty/FreeRTOS/queue.o
                0x080038e8                xQueueGenericCreate
 .text.prvInitialiseNewQueue
                0x080039ac       0x46 ./common/ThirdParty/FreeRTOS/queue.o
 .text.xTaskCreate
                0x080039f2       0x82 ./common/ThirdParty/FreeRTOS/tasks.o
                0x080039f2                xTaskCreate
 .text.prvInitialiseNewTask
                0x08003a74      0x12e ./common/ThirdParty/FreeRTOS/tasks.o
 *fill*         0x08003ba2        0x2 
 .text.prvAddNewTaskToReadyList
                0x08003ba4       0xdc ./common/ThirdParty/FreeRTOS/tasks.o
 .text.vTaskSuspendAll
                0x08003c80       0x1c ./common/ThirdParty/FreeRTOS/tasks.o
                0x08003c80                vTaskSuspendAll
 .text.xTaskResumeAll
                0x08003c9c      0x13c ./common/ThirdParty/FreeRTOS/tasks.o
                0x08003c9c                xTaskResumeAll
 .text.xTaskIncrementTick
                0x08003dd8      0x174 ./common/ThirdParty/FreeRTOS/tasks.o
                0x08003dd8                xTaskIncrementTick
 .text.vTaskSwitchContext
                0x08003f4c       0xb8 ./common/ThirdParty/FreeRTOS/tasks.o
                0x08003f4c                vTaskSwitchContext
 .text.xTaskRemoveFromEventList
                0x08004004       0xc8 ./common/ThirdParty/FreeRTOS/tasks.o
                0x08004004                xTaskRemoveFromEventList
 .text.prvInitialiseTaskLists
                0x080040cc       0x80 ./common/ThirdParty/FreeRTOS/tasks.o
 .text.prvResetNextTaskUnblockTime
                0x0800414c       0x38 ./common/ThirdParty/FreeRTOS/tasks.o
 .text.pxPortInitialiseStack
                0x08004184       0x68 ./common/ThirdParty/FreeRTOS/portable/GCC/ARM_CM4F/port.o
                0x08004184                pxPortInitialiseStack
 .text.prvTaskExitError
                0x080041ec       0x5c ./common/ThirdParty/FreeRTOS/portable/GCC/ARM_CM4F/port.o
 *fill*         0x08004248        0x8 
 .text.SVC_Handler
                0x08004250       0x28 ./common/ThirdParty/FreeRTOS/portable/GCC/ARM_CM4F/port.o
                0x08004250                SVC_Handler
 .text.vInitPrioGroupValue
                0x08004278      0x100 ./common/ThirdParty/FreeRTOS/portable/GCC/ARM_CM4F/port.o
                0x08004278                vInitPrioGroupValue
 .text.vPortEnterCritical
                0x08004378       0x64 ./common/ThirdParty/FreeRTOS/portable/GCC/ARM_CM4F/port.o
                0x08004378                vPortEnterCritical
 .text.vPortExitCritical
                0x080043dc       0x54 ./common/ThirdParty/FreeRTOS/portable/GCC/ARM_CM4F/port.o
                0x080043dc                vPortExitCritical
 .text.PendSV_Handler
                0x08004430       0x68 ./common/ThirdParty/FreeRTOS/portable/GCC/ARM_CM4F/port.o
                0x08004430                PendSV_Handler
 .text.SysTick_Handler
                0x08004498       0x44 ./common/ThirdParty/FreeRTOS/portable/GCC/ARM_CM4F/port.o
                0x08004498                SysTick_Handler
 .text.pvPortMalloc
                0x080044dc      0x1c4 ./common/ThirdParty/FreeRTOS/portable/MemMang/heap_4.o
                0x080044dc                pvPortMalloc
 .text.vPortFree
                0x080046a0       0xc8 ./common/ThirdParty/FreeRTOS/portable/MemMang/heap_4.o
                0x080046a0                vPortFree
 .text.prvHeapInit
                0x08004768       0xc4 ./common/ThirdParty/FreeRTOS/portable/MemMang/heap_4.o
 .text.prvInsertBlockIntoFreeList
                0x0800482c       0xb4 ./common/ThirdParty/FreeRTOS/portable/MemMang/heap_4.o
 .text.memset   0x080048e0       0x10 C:/ST/STM32CubeIDE_1.17.0/STM32CubeIDE/plugins/com.st.stm32cube.ide.mcu.externaltools.gnu-tools-for-stm32.13.3.rel1.win32_1.0.0.202411081344/tools/bin/../lib/gcc/arm-none-eabi/13.3.1/../../../../arm-none-eabi/lib/thumb/v7e-m+fp/hard\libc_nano.a(libc_a-memset.o)
                0x080048e0                memset
 .text.__libc_init_array
                0x080048f0       0x48 C:/ST/STM32CubeIDE_1.17.0/STM32CubeIDE/plugins/com.st.stm32cube.ide.mcu.externaltools.gnu-tools-for-stm32.13.3.rel1.win32_1.0.0.202411081344/tools/bin/../lib/gcc/arm-none-eabi/13.3.1/../../../../arm-none-eabi/lib/thumb/v7e-m+fp/hard\libc_nano.a(libc_a-init.o)
                0x080048f0                __libc_init_array
 *(.glue_7)
 .glue_7        0x08004938        0x0 linker stubs
 *(.glue_7t)
 .glue_7t       0x08004938        0x0 linker stubs
 *(.eh_frame)
 .eh_frame      0x08004938        0x0 C:/ST/STM32CubeIDE_1.17.0/STM32CubeIDE/plugins/com.st.stm32cube.ide.mcu.externaltools.gnu-tools-for-stm32.13.3.rel1.win32_1.0.0.202411081344/tools/bin/../lib/gcc/arm-none-eabi/13.3.1/thumb/v7e-m+fp/hard/crtbegin.o
 *(.init)
 .init          0x08004938        0x4 C:/ST/STM32CubeIDE_1.17.0/STM32CubeIDE/plugins/com.st.stm32cube.ide.mcu.externaltools.gnu-tools-for-stm32.13.3.rel1.win32_1.0.0.202411081344/tools/bin/../lib/gcc/arm-none-eabi/13.3.1/thumb/v7e-m+fp/hard/crti.o
                0x08004938                _init
 .init          0x0800493c        0x8 C:/ST/STM32CubeIDE_1.17.0/STM32CubeIDE/plugins/com.st.stm32cube.ide.mcu.externaltools.gnu-tools-for-stm32.13.3.rel1.win32_1.0.0.202411081344/tools/bin/../lib/gcc/arm-none-eabi/13.3.1/thumb/v7e-m+fp/hard/crtn.o
 *(.fini)
 .fini          0x08004944        0x4 C:/ST/STM32CubeIDE_1.17.0/STM32CubeIDE/plugins/com.st.stm32cube.ide.mcu.externaltools.gnu-tools-for-stm32.13.3.rel1.win32_1.0.0.202411081344/tools/bin/../lib/gcc/arm-none-eabi/13.3.1/thumb/v7e-m+fp/hard/crti.o
                0x08004944                _fini
 .fini          0x08004948        0x8 C:/ST/STM32CubeIDE_1.17.0/STM32CubeIDE/plugins/com.st.stm32cube.ide.mcu.externaltools.gnu-tools-for-stm32.13.3.rel1.win32_1.0.0.202411081344/tools/bin/../lib/gcc/arm-none-eabi/13.3.1/thumb/v7e-m+fp/hard/crtn.o
                0x08004950                        . = ALIGN (0x4)
                0x08004950                        _etext = .

.vfp11_veneer   0x08004950        0x0
 .vfp11_veneer  0x08004950        0x0 linker stubs

.v4_bx          0x08004950        0x0
 .v4_bx         0x08004950        0x0 linker stubs

.iplt           0x08004950        0x0
 .iplt          0x08004950        0x0 C:/ST/STM32CubeIDE_1.17.0/STM32CubeIDE/plugins/com.st.stm32cube.ide.mcu.externaltools.gnu-tools-for-stm32.13.3.rel1.win32_1.0.0.202411081344/tools/bin/../lib/gcc/arm-none-eabi/13.3.1/thumb/v7e-m+fp/hard/crtbegin.o

.rodata         0x08004950       0x54
                0x08004950                        . = ALIGN (0x4)
 *(.rodata)
 .rodata        0x08004950       0x39 ./Core/Src/main.o
 *(.rodata*)
 *fill*         0x08004989        0x3 
 .rodata.AHBPrescTable
                0x0800498c       0x10 ./Core/Src/system_stm32f4xx.o
                0x0800498c                AHBPrescTable
 .rodata.APBPrescTable
                0x0800499c        0x8 ./Core/Src/system_stm32f4xx.o
                0x0800499c                APBPrescTable
                0x080049a4                        . = ALIGN (0x4)

.ARM.extab      0x080049a4        0x0
                0x080049a4                        . = ALIGN (0x4)
 *(.ARM.extab* .gnu.linkonce.armextab.*)
                0x080049a4                        . = ALIGN (0x4)

.ARM            0x080049a4        0x8
                0x080049a4                        . = ALIGN (0x4)
                0x080049a4                        __exidx_start = .
 *(.ARM.exidx*)
 .ARM.exidx     0x080049a4        0x8 C:/ST/STM32CubeIDE_1.17.0/STM32CubeIDE/plugins/com.st.stm32cube.ide.mcu.externaltools.gnu-tools-for-stm32.13.3.rel1.win32_1.0.0.202411081344/tools/bin/../lib/gcc/arm-none-eabi/13.3.1/thumb/v7e-m+fp/hard\libgcc.a(_udivmoddi4.o)
                0x080049ac                        __exidx_end = .
                0x080049ac                        . = ALIGN (0x4)

.preinit_array  0x080049ac        0x0
                0x080049ac                        . = ALIGN (0x4)
                0x080049ac                        PROVIDE (__preinit_array_start = .)
 *(.preinit_array*)
                0x080049ac                        PROVIDE (__preinit_array_end = .)
                0x080049ac                        . = ALIGN (0x4)

.init_array     0x080049ac        0x4
                0x080049ac                        . = ALIGN (0x4)
                0x080049ac                        PROVIDE (__init_array_start = .)
 *(SORT_BY_NAME(.init_array.*))
 *(.init_array*)
 .init_array    0x080049ac        0x4 C:/ST/STM32CubeIDE_1.17.0/STM32CubeIDE/plugins/com.st.stm32cube.ide.mcu.externaltools.gnu-tools-for-stm32.13.3.rel1.win32_1.0.0.202411081344/tools/bin/../lib/gcc/arm-none-eabi/13.3.1/thumb/v7e-m+fp/hard/crtbegin.o
                0x080049b0                        PROVIDE (__init_array_end = .)
                0x080049b0                        . = ALIGN (0x4)

.fini_array     0x080049b0        0x4
                0x080049b0                        . = ALIGN (0x4)
                [!provide]                        PROVIDE (__fini_array_start = .)
 *(SORT_BY_NAME(.fini_array.*))
 *(.fini_array*)
 .fini_array    0x080049b0        0x4 C:/ST/STM32CubeIDE_1.17.0/STM32CubeIDE/plugins/com.st.stm32cube.ide.mcu.externaltools.gnu-tools-for-stm32.13.3.rel1.win32_1.0.0.202411081344/tools/bin/../lib/gcc/arm-none-eabi/13.3.1/thumb/v7e-m+fp/hard/crtbegin.o
                [!provide]                        PROVIDE (__fini_array_end = .)
                0x080049b4                        . = ALIGN (0x4)
                0x080049b4                        _sidata = LOADADDR (.data)

.rel.dyn        0x080049b4        0x0
 .rel.iplt      0x080049b4        0x0 C:/ST/STM32CubeIDE_1.17.0/STM32CubeIDE/plugins/com.st.stm32cube.ide.mcu.externaltools.gnu-tools-for-stm32.13.3.rel1.win32_1.0.0.202411081344/tools/bin/../lib/gcc/arm-none-eabi/13.3.1/thumb/v7e-m+fp/hard/crtbegin.o

.data           0x20000000       0x10 load address 0x080049b4
                0x20000000                        . = ALIGN (0x4)
                0x20000000                        _sdata = .
 *(.data)
 *(.data*)
 .data.SystemCoreClock
                0x20000000        0x4 ./Core/Src/system_stm32f4xx.o
                0x20000000                SystemCoreClock
 .data.uwTickPrio
                0x20000004        0x4 ./Drivers/STM32F4xx_HAL_Driver/Src/stm32f4xx_hal.o
                0x20000004                uwTickPrio
 .data.uwTickFreq
                0x20000008        0x1 ./Drivers/STM32F4xx_HAL_Driver/Src/stm32f4xx_hal.o
                0x20000008                uwTickFreq
 *fill*         0x20000009        0x3 
 .data.uxCriticalNesting
                0x2000000c        0x4 ./common/ThirdParty/FreeRTOS/portable/GCC/ARM_CM4F/port.o
 *(.RamFunc)
 *(.RamFunc*)
                0x20000010                        . = ALIGN (0x4)
                0x20000010                        _edata = .
                0x080049c4                        _siccmram = LOADADDR (.ccmram)

.igot.plt       0x20000010        0x0 load address 0x080049c4
 .igot.plt      0x20000010        0x0 C:/ST/STM32CubeIDE_1.17.0/STM32CubeIDE/plugins/com.st.stm32cube.ide.mcu.externaltools.gnu-tools-for-stm32.13.3.rel1.win32_1.0.0.202411081344/tools/bin/../lib/gcc/arm-none-eabi/13.3.1/thumb/v7e-m+fp/hard/crtbegin.o

.ccmram         0x10000000        0x0 load address 0x080049c4
                0x10000000                        . = ALIGN (0x4)
                0x10000000                        _sccmram = .
 *(.ccmram)
 *(.ccmram*)
                0x10000000                        . = ALIGN (0x4)
                0x10000000                        _eccmram = .
                0x10000000                        . = ALIGN (0x4)

.bss            0x20000010    0x19214
                0x20000010                        _sbss = .
                0x20000010                        __bss_start__ = _sbss
 *(.bss)
 .bss           0x20000010       0x1c C:/ST/STM32CubeIDE_1.17.0/STM32CubeIDE/plugins/com.st.stm32cube.ide.mcu.externaltools.gnu-tools-for-stm32.13.3.rel1.win32_1.0.0.202411081344/tools/bin/../lib/gcc/arm-none-eabi/13.3.1/thumb/v7e-m+fp/hard/crtbegin.o
 *(.bss*)
 .bss.hrtc      0x2000002c       0x20 ./Core/Src/main.o
                0x2000002c                hrtc
 .bss.huart2    0x2000004c       0x48 ./Core/Src/main.o
                0x2000004c                huart2
 .bss.user_data
                0x20000094        0x1 ./Core/Src/main.o
                0x20000094                user_data
 *fill*         0x20000095        0x3 
 .bss.q_data    0x20000098        0x4 ./Core/Src/main.o
                0x20000098                q_data
 .bss.q_print   0x2000009c        0x4 ./Core/Src/main.o
                0x2000009c                q_print
 .bss.handle_cmd_task
                0x200000a0        0x4 ./Core/Src/main.o
                0x200000a0                handle_cmd_task
 .bss.handle_menu_task
                0x200000a4        0x4 ./Core/Src/main.o
                0x200000a4                handle_menu_task
 .bss.handle_print_task
                0x200000a8        0x4 ./Core/Src/main.o
                0x200000a8                handle_print_task
 .bss.handle_led_task
                0x200000ac        0x4 ./Core/Src/main.o
                0x200000ac                handle_led_task
 .bss.handle_rtc_task
                0x200000b0        0x4 ./Core/Src/main.o
                0x200000b0                handle_rtc_task
 .bss.htim6     0x200000b4       0x48 ./Core/Src/stm32f4xx_hal_timebase_tim.o
                0x200000b4                htim6
 .bss.uwTick    0x200000fc        0x4 ./Drivers/STM32F4xx_HAL_Driver/Src/stm32f4xx_hal.o
                0x200000fc                uwTick
 .bss.pxCurrentTCB
                0x20000100        0x4 ./common/ThirdParty/FreeRTOS/tasks.o
                0x20000100                pxCurrentTCB
 .bss.pxReadyTasksLists
                0x20000104       0x64 ./common/ThirdParty/FreeRTOS/tasks.o
 .bss.xDelayedTaskList1
                0x20000168       0x14 ./common/ThirdParty/FreeRTOS/tasks.o
 .bss.xDelayedTaskList2
                0x2000017c       0x14 ./common/ThirdParty/FreeRTOS/tasks.o
 .bss.pxDelayedTaskList
                0x20000190        0x4 ./common/ThirdParty/FreeRTOS/tasks.o
 .bss.pxOverflowDelayedTaskList
                0x20000194        0x4 ./common/ThirdParty/FreeRTOS/tasks.o
 .bss.xPendingReadyList
                0x20000198       0x14 ./common/ThirdParty/FreeRTOS/tasks.o
 .bss.xTasksWaitingTermination
                0x200001ac       0x14 ./common/ThirdParty/FreeRTOS/tasks.o
 .bss.xSuspendedTaskList
                0x200001c0       0x14 ./common/ThirdParty/FreeRTOS/tasks.o
 .bss.uxCurrentNumberOfTasks
                0x200001d4        0x4 ./common/ThirdParty/FreeRTOS/tasks.o
 .bss.xTickCount
                0x200001d8        0x4 ./common/ThirdParty/FreeRTOS/tasks.o
 .bss.uxTopReadyPriority
                0x200001dc        0x4 ./common/ThirdParty/FreeRTOS/tasks.o
 .bss.xSchedulerRunning
                0x200001e0        0x4 ./common/ThirdParty/FreeRTOS/tasks.o
 .bss.xPendedTicks
                0x200001e4        0x4 ./common/ThirdParty/FreeRTOS/tasks.o
 .bss.xYieldPending
                0x200001e8        0x4 ./common/ThirdParty/FreeRTOS/tasks.o
 .bss.xNumOfOverflows
                0x200001ec        0x4 ./common/ThirdParty/FreeRTOS/tasks.o
 .bss.uxTaskNumber
                0x200001f0        0x4 ./common/ThirdParty/FreeRTOS/tasks.o
 .bss.xNextTaskUnblockTime
                0x200001f4        0x4 ./common/ThirdParty/FreeRTOS/tasks.o
 .bss.uxSchedulerSuspended
                0x200001f8        0x4 ./common/ThirdParty/FreeRTOS/tasks.o
 .bss.ucMaxSysCallPriority
                0x200001fc        0x1 ./common/ThirdParty/FreeRTOS/portable/GCC/ARM_CM4F/port.o
 *fill*         0x200001fd        0x3 
 .bss.ulMaxPRIGROUPValue
                0x20000200        0x4 ./common/ThirdParty/FreeRTOS/portable/GCC/ARM_CM4F/port.o
 .bss.ucHeap    0x20000204    0x19000 ./common/ThirdParty/FreeRTOS/portable/MemMang/heap_4.o
 .bss.xStart    0x20019204        0x8 ./common/ThirdParty/FreeRTOS/portable/MemMang/heap_4.o
 .bss.pxEnd     0x2001920c        0x4 ./common/ThirdParty/FreeRTOS/portable/MemMang/heap_4.o
 .bss.xFreeBytesRemaining
                0x20019210        0x4 ./common/ThirdParty/FreeRTOS/portable/MemMang/heap_4.o
 .bss.xMinimumEverFreeBytesRemaining
                0x20019214        0x4 ./common/ThirdParty/FreeRTOS/portable/MemMang/heap_4.o
 .bss.xNumberOfSuccessfulAllocations
                0x20019218        0x4 ./common/ThirdParty/FreeRTOS/portable/MemMang/heap_4.o
 .bss.xNumberOfSuccessfulFrees
                0x2001921c        0x4 ./common/ThirdParty/FreeRTOS/portable/MemMang/heap_4.o
 .bss.xBlockAllocatedBit
                0x20019220        0x4 ./common/ThirdParty/FreeRTOS/portable/MemMang/heap_4.o
 *(COMMON)
                0x20019224                        . = ALIGN (0x4)
                0x20019224                        _ebss = .
                0x20019224                        __bss_end__ = _ebss

._user_heap_stack
                0x20019224      0x604
                0x20019228                        . = ALIGN (0x8)
 *fill*         0x20019224        0x4 
                [!provide]                        PROVIDE (end = .)
                0x20019228                        PROVIDE (_end = .)
                0x20019428                        . = (. + _Min_Heap_Size)
 *fill*         0x20019228      0x200 
                0x20019828                        . = (. + _Min_Stack_Size)
 *fill*         0x20019428      0x400 
                0x20019828                        . = ALIGN (0x8)

/DISCARD/
 libc.a(*)
 libm.a(*)
 libgcc.a(*)

.ARM.attributes
                0x00000000       0x30
 *(.ARM.attributes)
 .ARM.attributes
                0x00000000       0x22 C:/ST/STM32CubeIDE_1.17.0/STM32CubeIDE/plugins/com.st.stm32cube.ide.mcu.externaltools.gnu-tools-for-stm32.13.3.rel1.win32_1.0.0.202411081344/tools/bin/../lib/gcc/arm-none-eabi/13.3.1/thumb/v7e-m+fp/hard/crti.o
 .ARM.attributes
                0x00000022       0x34 C:/ST/STM32CubeIDE_1.17.0/STM32CubeIDE/plugins/com.st.stm32cube.ide.mcu.externaltools.gnu-tools-for-stm32.13.3.rel1.win32_1.0.0.202411081344/tools/bin/../lib/gcc/arm-none-eabi/13.3.1/thumb/v7e-m+fp/hard/crtbegin.o
 .ARM.attributes
                0x00000056       0x34 ./Core/Src/main.o
 .ARM.attributes
                0x0000008a       0x34 ./Core/Src/stm32f4xx_hal_msp.o
 .ARM.attributes
                0x000000be       0x34 ./Core/Src/stm32f4xx_hal_timebase_tim.o
 .ARM.attributes
                0x000000f2       0x34 ./Core/Src/stm32f4xx_it.o
 .ARM.attributes
                0x00000126       0x34 ./Core/Src/system_stm32f4xx.o
 .ARM.attributes
                0x0000015a       0x34 ./Core/Src/task_handler.o
 .ARM.attributes
                0x0000018e       0x21 ./Core/Startup/startup_stm32f407vgtx.o
 .ARM.attributes
                0x000001af       0x34 ./Drivers/STM32F4xx_HAL_Driver/Src/stm32f4xx_hal.o
 .ARM.attributes
                0x000001e3       0x34 ./Drivers/STM32F4xx_HAL_Driver/Src/stm32f4xx_hal_cortex.o
 .ARM.attributes
                0x00000217       0x34 ./Drivers/STM32F4xx_HAL_Driver/Src/stm32f4xx_hal_dma.o
 .ARM.attributes
                0x0000024b       0x34 ./Drivers/STM32F4xx_HAL_Driver/Src/stm32f4xx_hal_gpio.o
 .ARM.attributes
                0x0000027f       0x34 ./Drivers/STM32F4xx_HAL_Driver/Src/stm32f4xx_hal_rcc.o
 .ARM.attributes
                0x000002b3       0x34 ./Drivers/STM32F4xx_HAL_Driver/Src/stm32f4xx_hal_rcc_ex.o
 .ARM.attributes
                0x000002e7       0x34 ./Drivers/STM32F4xx_HAL_Driver/Src/stm32f4xx_hal_rtc.o
 .ARM.attributes
                0x0000031b       0x34 ./Drivers/STM32F4xx_HAL_Driver/Src/stm32f4xx_hal_tim.o
 .ARM.attributes
                0x0000034f       0x34 ./Drivers/STM32F4xx_HAL_Driver/Src/stm32f4xx_hal_tim_ex.o
 .ARM.attributes
                0x00000383       0x34 ./Drivers/STM32F4xx_HAL_Driver/Src/stm32f4xx_hal_uart.o
 .ARM.attributes
                0x000003b7       0x34 ./common/ThirdParty/FreeRTOS/list.o
 .ARM.attributes
                0x000003eb       0x34 ./common/ThirdParty/FreeRTOS/queue.o
 .ARM.attributes
                0x0000041f       0x34 ./common/ThirdParty/FreeRTOS/tasks.o
 .ARM.attributes
                0x00000453       0x34 ./common/ThirdParty/FreeRTOS/portable/GCC/ARM_CM4F/port.o
 .ARM.attributes
                0x00000487       0x34 ./common/ThirdParty/FreeRTOS/portable/MemMang/heap_4.o
 .ARM.attributes
                0x000004bb       0x34 C:/ST/STM32CubeIDE_1.17.0/STM32CubeIDE/plugins/com.st.stm32cube.ide.mcu.externaltools.gnu-tools-for-stm32.13.3.rel1.win32_1.0.0.202411081344/tools/bin/../lib/gcc/arm-none-eabi/13.3.1/../../../../arm-none-eabi/lib/thumb/v7e-m+fp/hard\libc_nano.a(libc_a-memset.o)
 .ARM.attributes
                0x000004ef       0x34 C:/ST/STM32CubeIDE_1.17.0/STM32CubeIDE/plugins/com.st.stm32cube.ide.mcu.externaltools.gnu-tools-for-stm32.13.3.rel1.win32_1.0.0.202411081344/tools/bin/../lib/gcc/arm-none-eabi/13.3.1/../../../../arm-none-eabi/lib/thumb/v7e-m+fp/hard\libc_nano.a(libc_a-init.o)
 .ARM.attributes
                0x00000523       0x22 C:/ST/STM32CubeIDE_1.17.0/STM32CubeIDE/plugins/com.st.stm32cube.ide.mcu.externaltools.gnu-tools-for-stm32.13.3.rel1.win32_1.0.0.202411081344/tools/bin/../lib/gcc/arm-none-eabi/13.3.1/thumb/v7e-m+fp/hard\libgcc.a(_aeabi_uldivmod.o)
 .ARM.attributes
                0x00000545       0x34 C:/ST/STM32CubeIDE_1.17.0/STM32CubeIDE/plugins/com.st.stm32cube.ide.mcu.externaltools.gnu-tools-for-stm32.13.3.rel1.win32_1.0.0.202411081344/tools/bin/../lib/gcc/arm-none-eabi/13.3.1/thumb/v7e-m+fp/hard\libgcc.a(_udivmoddi4.o)
 .ARM.attributes
                0x00000579       0x22 C:/ST/STM32CubeIDE_1.17.0/STM32CubeIDE/plugins/com.st.stm32cube.ide.mcu.externaltools.gnu-tools-for-stm32.13.3.rel1.win32_1.0.0.202411081344/tools/bin/../lib/gcc/arm-none-eabi/13.3.1/thumb/v7e-m+fp/hard\libgcc.a(_dvmd_tls.o)
 .ARM.attributes
                0x0000059b       0x22 C:/ST/STM32CubeIDE_1.17.0/STM32CubeIDE/plugins/com.st.stm32cube.ide.mcu.externaltools.gnu-tools-for-stm32.13.3.rel1.win32_1.0.0.202411081344/tools/bin/../lib/gcc/arm-none-eabi/13.3.1/thumb/v7e-m+fp/hard/crtn.o
OUTPUT(008_Queue_n_times.elf elf32-littlearm)
LOAD linker stubs
LOAD C:/ST/STM32CubeIDE_1.17.0/STM32CubeIDE/plugins/com.st.stm32cube.ide.mcu.externaltools.gnu-tools-for-stm32.13.3.rel1.win32_1.0.0.202411081344/tools/bin/../lib/gcc/arm-none-eabi/13.3.1/../../../../arm-none-eabi/lib/thumb/v7e-m+fp/hard\libc.a
LOAD C:/ST/STM32CubeIDE_1.17.0/STM32CubeIDE/plugins/com.st.stm32cube.ide.mcu.externaltools.gnu-tools-for-stm32.13.3.rel1.win32_1.0.0.202411081344/tools/bin/../lib/gcc/arm-none-eabi/13.3.1/../../../../arm-none-eabi/lib/thumb/v7e-m+fp/hard\libm.a
LOAD C:/ST/STM32CubeIDE_1.17.0/STM32CubeIDE/plugins/com.st.stm32cube.ide.mcu.externaltools.gnu-tools-for-stm32.13.3.rel1.win32_1.0.0.202411081344/tools/bin/../lib/gcc/arm-none-eabi/13.3.1/thumb/v7e-m+fp/hard\libgcc.a

.debug_info     0x00000000    0x136da
 .debug_info    0x00000000     0x15ab ./Core/Src/main.o
 .debug_info    0x000015ab     0x1016 ./Core/Src/stm32f4xx_hal_msp.o
 .debug_info    0x000025c1      0xbee ./Core/Src/stm32f4xx_hal_timebase_tim.o
 .debug_info    0x000031af      0x95a ./Core/Src/stm32f4xx_it.o
 .debug_info    0x00003b09      0x512 ./Core/Src/system_stm32f4xx.o
 .debug_info    0x0000401b      0x12e ./Core/Src/task_handler.o
 .debug_info    0x00004149       0x30 ./Core/Startup/startup_stm32f407vgtx.o
 .debug_info    0x00004179      0x944 ./Drivers/STM32F4xx_HAL_Driver/Src/stm32f4xx_hal.o
 .debug_info    0x00004abd      0xd8c ./Drivers/STM32F4xx_HAL_Driver/Src/stm32f4xx_hal_cortex.o
 .debug_info    0x00005849      0x8e7 ./Drivers/STM32F4xx_HAL_Driver/Src/stm32f4xx_hal_dma.o
 .debug_info    0x00006130      0x6c3 ./Drivers/STM32F4xx_HAL_Driver/Src/stm32f4xx_hal_gpio.o
 .debug_info    0x000067f3      0x8c3 ./Drivers/STM32F4xx_HAL_Driver/Src/stm32f4xx_hal_rcc.o
 .debug_info    0x000070b6      0x536 ./Drivers/STM32F4xx_HAL_Driver/Src/stm32f4xx_hal_rcc_ex.o
 .debug_info    0x000075ec      0xc20 ./Drivers/STM32F4xx_HAL_Driver/Src/stm32f4xx_hal_rtc.o
 .debug_info    0x0000820c     0x299d ./Drivers/STM32F4xx_HAL_Driver/Src/stm32f4xx_hal_tim.o
 .debug_info    0x0000aba9     0x14db ./Drivers/STM32F4xx_HAL_Driver/Src/stm32f4xx_hal_tim_ex.o
 .debug_info    0x0000c084     0x2f4f ./Drivers/STM32F4xx_HAL_Driver/Src/stm32f4xx_hal_uart.o
 .debug_info    0x0000efd3      0x2af ./common/ThirdParty/FreeRTOS/list.o
 .debug_info    0x0000f282     0x17d9 ./common/ThirdParty/FreeRTOS/queue.o
 .debug_info    0x00010a5b     0x2228 ./common/ThirdParty/FreeRTOS/tasks.o
 .debug_info    0x00012c83      0x582 ./common/ThirdParty/FreeRTOS/portable/GCC/ARM_CM4F/port.o
 .debug_info    0x00013205      0x4d5 ./common/ThirdParty/FreeRTOS/portable/MemMang/heap_4.o

.debug_abbrev   0x00000000     0x2e2f
 .debug_abbrev  0x00000000      0x307 ./Core/Src/main.o
 .debug_abbrev  0x00000307      0x20e ./Core/Src/stm32f4xx_hal_msp.o
 .debug_abbrev  0x00000515      0x1f4 ./Core/Src/stm32f4xx_hal_timebase_tim.o
 .debug_abbrev  0x00000709      0x189 ./Core/Src/stm32f4xx_it.o
 .debug_abbrev  0x00000892      0x11a ./Core/Src/system_stm32f4xx.o
 .debug_abbrev  0x000009ac       0x7b ./Core/Src/task_handler.o
 .debug_abbrev  0x00000a27       0x24 ./Core/Startup/startup_stm32f407vgtx.o
 .debug_abbrev  0x00000a4b      0x214 ./Drivers/STM32F4xx_HAL_Driver/Src/stm32f4xx_hal.o
 .debug_abbrev  0x00000c5f      0x31d ./Drivers/STM32F4xx_HAL_Driver/Src/stm32f4xx_hal_cortex.o
 .debug_abbrev  0x00000f7c      0x264 ./Drivers/STM32F4xx_HAL_Driver/Src/stm32f4xx_hal_dma.o
 .debug_abbrev  0x000011e0      0x1d4 ./Drivers/STM32F4xx_HAL_Driver/Src/stm32f4xx_hal_gpio.o
 .debug_abbrev  0x000013b4      0x2b7 ./Drivers/STM32F4xx_HAL_Driver/Src/stm32f4xx_hal_rcc.o
 .debug_abbrev  0x0000166b      0x1b0 ./Drivers/STM32F4xx_HAL_Driver/Src/stm32f4xx_hal_rcc_ex.o
 .debug_abbrev  0x0000181b      0x1dd ./Drivers/STM32F4xx_HAL_Driver/Src/stm32f4xx_hal_rtc.o
 .debug_abbrev  0x000019f8      0x278 ./Drivers/STM32F4xx_HAL_Driver/Src/stm32f4xx_hal_tim.o
 .debug_abbrev  0x00001c70      0x283 ./Drivers/STM32F4xx_HAL_Driver/Src/stm32f4xx_hal_tim_ex.o
 .debug_abbrev  0x00001ef3      0x30e ./Drivers/STM32F4xx_HAL_Driver/Src/stm32f4xx_hal_uart.o
 .debug_abbrev  0x00002201       0xf5 ./common/ThirdParty/FreeRTOS/list.o
 .debug_abbrev  0x000022f6      0x323 ./common/ThirdParty/FreeRTOS/queue.o
 .debug_abbrev  0x00002619      0x39e ./common/ThirdParty/FreeRTOS/tasks.o
 .debug_abbrev  0x000029b7      0x25a ./common/ThirdParty/FreeRTOS/portable/GCC/ARM_CM4F/port.o
 .debug_abbrev  0x00002c11      0x21e ./common/ThirdParty/FreeRTOS/portable/MemMang/heap_4.o

.debug_aranges  0x00000000     0x1210
 .debug_aranges
                0x00000000       0x50 ./Core/Src/main.o
 .debug_aranges
                0x00000050       0x40 ./Core/Src/stm32f4xx_hal_msp.o
 .debug_aranges
                0x00000090       0x30 ./Core/Src/stm32f4xx_hal_timebase_tim.o
 .debug_aranges
                0x000000c0       0x58 ./Core/Src/stm32f4xx_it.o
 .debug_aranges
                0x00000118       0x28 ./Core/Src/system_stm32f4xx.o
 .debug_aranges
                0x00000140       0x40 ./Core/Src/task_handler.o
 .debug_aranges
                0x00000180       0x28 ./Core/Startup/startup_stm32f407vgtx.o
 .debug_aranges
                0x000001a8       0xf0 ./Drivers/STM32F4xx_HAL_Driver/Src/stm32f4xx_hal.o
 .debug_aranges
                0x00000298      0x130 ./Drivers/STM32F4xx_HAL_Driver/Src/stm32f4xx_hal_cortex.o
 .debug_aranges
                0x000003c8       0x90 ./Drivers/STM32F4xx_HAL_Driver/Src/stm32f4xx_hal_dma.o
 .debug_aranges
                0x00000458       0x58 ./Drivers/STM32F4xx_HAL_Driver/Src/stm32f4xx_hal_gpio.o
 .debug_aranges
                0x000004b0       0x88 ./Drivers/STM32F4xx_HAL_Driver/Src/stm32f4xx_hal_rcc.o
 .debug_aranges
                0x00000538       0x48 ./Drivers/STM32F4xx_HAL_Driver/Src/stm32f4xx_hal_rcc_ex.o
 .debug_aranges
                0x00000580       0xe8 ./Drivers/STM32F4xx_HAL_Driver/Src/stm32f4xx_hal_rtc.o
 .debug_aranges
                0x00000668      0x3d0 ./Drivers/STM32F4xx_HAL_Driver/Src/stm32f4xx_hal_tim.o
 .debug_aranges
                0x00000a38      0x168 ./Drivers/STM32F4xx_HAL_Driver/Src/stm32f4xx_hal_tim_ex.o
 .debug_aranges
                0x00000ba0      0x208 ./Drivers/STM32F4xx_HAL_Driver/Src/stm32f4xx_hal_uart.o
 .debug_aranges
                0x00000da8       0x40 ./common/ThirdParty/FreeRTOS/list.o
 .debug_aranges
                0x00000de8      0x130 ./common/ThirdParty/FreeRTOS/queue.o
 .debug_aranges
                0x00000f18      0x218 ./common/ThirdParty/FreeRTOS/tasks.o
 .debug_aranges
                0x00001130       0x88 ./common/ThirdParty/FreeRTOS/portable/GCC/ARM_CM4F/port.o
 .debug_aranges
                0x000011b8       0x58 ./common/ThirdParty/FreeRTOS/portable/MemMang/heap_4.o

.debug_rnglists
                0x00000000      0xe12
 .debug_rnglists
                0x00000000       0x3a ./Core/Src/main.o
 .debug_rnglists
                0x0000003a       0x2c ./Core/Src/stm32f4xx_hal_msp.o
 .debug_rnglists
                0x00000066       0x20 ./Core/Src/stm32f4xx_hal_timebase_tim.o
 .debug_rnglists
                0x00000086       0x3d ./Core/Src/stm32f4xx_it.o
 .debug_rnglists
                0x000000c3       0x1a ./Core/Src/system_stm32f4xx.o
 .debug_rnglists
                0x000000dd       0x2b ./Core/Src/task_handler.o
 .debug_rnglists
                0x00000108       0x19 ./Core/Startup/startup_stm32f407vgtx.o
 .debug_rnglists
                0x00000121       0xaf ./Drivers/STM32F4xx_HAL_Driver/Src/stm32f4xx_hal.o
 .debug_rnglists
                0x000001d0       0xe0 ./Drivers/STM32F4xx_HAL_Driver/Src/stm32f4xx_hal_cortex.o
 .debug_rnglists
                0x000002b0       0x70 ./Drivers/STM32F4xx_HAL_Driver/Src/stm32f4xx_hal_dma.o
 .debug_rnglists
                0x00000320       0x3f ./Drivers/STM32F4xx_HAL_Driver/Src/stm32f4xx_hal_gpio.o
 .debug_rnglists
                0x0000035f       0x66 ./Drivers/STM32F4xx_HAL_Driver/Src/stm32f4xx_hal_rcc.o
 .debug_rnglists
                0x000003c5       0x35 ./Drivers/STM32F4xx_HAL_Driver/Src/stm32f4xx_hal_rcc_ex.o
 .debug_rnglists
                0x000003fa       0xb4 ./Drivers/STM32F4xx_HAL_Driver/Src/stm32f4xx_hal_rtc.o
 .debug_rnglists
                0x000004ae      0x31a ./Drivers/STM32F4xx_HAL_Driver/Src/stm32f4xx_hal_tim.o
 .debug_rnglists
                0x000007c8      0x125 ./Drivers/STM32F4xx_HAL_Driver/Src/stm32f4xx_hal_tim_ex.o
 .debug_rnglists
                0x000008ed      0x1bc ./Drivers/STM32F4xx_HAL_Driver/Src/stm32f4xx_hal_uart.o
 .debug_rnglists
                0x00000aa9       0x2b ./common/ThirdParty/FreeRTOS/list.o
 .debug_rnglists
                0x00000ad4       0xeb ./common/ThirdParty/FreeRTOS/queue.o
 .debug_rnglists
                0x00000bbf      0x1ad ./common/ThirdParty/FreeRTOS/tasks.o
 .debug_rnglists
                0x00000d6c       0x64 ./common/ThirdParty/FreeRTOS/portable/GCC/ARM_CM4F/port.o
 .debug_rnglists
                0x00000dd0       0x42 ./common/ThirdParty/FreeRTOS/portable/MemMang/heap_4.o

.debug_macro    0x00000000    0x239f1
 .debug_macro   0x00000000      0x37c ./Core/Src/main.o
 .debug_macro   0x0000037c      0xad8 ./Core/Src/main.o
 .debug_macro   0x00000e54      0x2a1 ./Core/Src/main.o
 .debug_macro   0x000010f5       0x2e ./Core/Src/main.o
 .debug_macro   0x00001123       0x2f ./Core/Src/main.o
 .debug_macro   0x00001152       0x22 ./Core/Src/main.o
 .debug_macro   0x00001174       0x8e ./Core/Src/main.o
 .debug_macro   0x00001202       0x51 ./Core/Src/main.o
 .debug_macro   0x00001253      0x103 ./Core/Src/main.o
 .debug_macro   0x00001356       0x6a ./Core/Src/main.o
 .debug_macro   0x000013c0      0x1df ./Core/Src/main.o
 .debug_macro   0x0000159f       0x1c ./Core/Src/main.o
 .debug_macro   0x000015bb       0x22 ./Core/Src/main.o
 .debug_macro   0x000015dd       0xfb ./Core/Src/main.o
 .debug_macro   0x000016d8     0x1011 ./Core/Src/main.o
 .debug_macro   0x000026e9      0x11f ./Core/Src/main.o
 .debug_macro   0x00002808    0x15ea5 ./Core/Src/main.o
 .debug_macro   0x000186ad       0x6d ./Core/Src/main.o
 .debug_macro   0x0001871a     0x3693 ./Core/Src/main.o
 .debug_macro   0x0001bdad      0x190 ./Core/Src/main.o
 .debug_macro   0x0001bf3d       0x5c ./Core/Src/main.o
 .debug_macro   0x0001bf99      0x980 ./Core/Src/main.o
 .debug_macro   0x0001c919      0x9e9 ./Core/Src/main.o
 .debug_macro   0x0001d302      0x115 ./Core/Src/main.o
 .debug_macro   0x0001d417      0x13e ./Core/Src/main.o
 .debug_macro   0x0001d555       0xa5 ./Core/Src/main.o
 .debug_macro   0x0001d5fa      0x174 ./Core/Src/main.o
 .debug_macro   0x0001d76e      0x287 ./Core/Src/main.o
 .debug_macro   0x0001d9f5       0x5f ./Core/Src/main.o
 .debug_macro   0x0001da54      0x236 ./Core/Src/main.o
 .debug_macro   0x0001dc8a      0x12c ./Core/Src/main.o
 .debug_macro   0x0001ddb6      0x21e ./Core/Src/main.o
 .debug_macro   0x0001dfd4       0x2e ./Core/Src/main.o
 .debug_macro   0x0001e002      0x127 ./Core/Src/main.o
 .debug_macro   0x0001e129       0x7e ./Core/Src/main.o
 .debug_macro   0x0001e1a7       0x89 ./Core/Src/main.o
 .debug_macro   0x0001e230      0x30c ./Core/Src/main.o
 .debug_macro   0x0001e53c      0x44b ./Core/Src/main.o
 .debug_macro   0x0001e987       0xeb ./Core/Src/main.o
 .debug_macro   0x0001ea72      0x8ed ./Core/Src/main.o
 .debug_macro   0x0001f35f       0x4d ./Core/Src/main.o
 .debug_macro   0x0001f3ac      0x2aa ./Core/Src/main.o
 .debug_macro   0x0001f656      0x12d ./Core/Src/main.o
 .debug_macro   0x0001f783       0x61 ./Core/Src/main.o
 .debug_macro   0x0001f7e4       0x2a ./Core/Src/main.o
 .debug_macro   0x0001f80e       0x43 ./Core/Src/main.o
 .debug_macro   0x0001f851       0x34 ./Core/Src/main.o
 .debug_macro   0x0001f885      0x370 ./Core/Src/main.o
 .debug_macro   0x0001fbf5       0x16 ./Core/Src/main.o
 .debug_macro   0x0001fc0b       0x4a ./Core/Src/main.o
 .debug_macro   0x0001fc55       0x34 ./Core/Src/main.o
 .debug_macro   0x0001fc89       0x10 ./Core/Src/main.o
 .debug_macro   0x0001fc99       0x58 ./Core/Src/main.o
 .debug_macro   0x0001fcf1       0x8e ./Core/Src/main.o
 .debug_macro   0x0001fd7f       0x1c ./Core/Src/main.o
 .debug_macro   0x0001fd9b      0x185 ./Core/Src/main.o
 .debug_macro   0x0001ff20       0x10 ./Core/Src/main.o
 .debug_macro   0x0001ff30       0x3c ./Core/Src/main.o
 .debug_macro   0x0001ff6c       0x20 ./Core/Src/main.o
 .debug_macro   0x0001ff8c       0x1c ./Core/Src/main.o
 .debug_macro   0x0001ffa8       0x10 ./Core/Src/main.o
 .debug_macro   0x0001ffb8       0x1c ./Core/Src/main.o
 .debug_macro   0x0001ffd4       0x16 ./Core/Src/main.o
 .debug_macro   0x0001ffea      0x146 ./Core/Src/main.o
 .debug_macro   0x00020130      0x11a ./Core/Src/main.o
 .debug_macro   0x0002024a      0x15a ./Core/Src/main.o
 .debug_macro   0x000203a4       0xea ./Core/Src/main.o
 .debug_macro   0x0002048e       0x1c ./Core/Src/main.o
 .debug_macro   0x000204aa       0x26 ./Core/Src/main.o
 .debug_macro   0x000204d0      0x520 ./Core/Src/main.o
 .debug_macro   0x000209f0       0xb5 ./Core/Src/main.o
 .debug_macro   0x00020aa5      0x120 ./Core/Src/main.o
 .debug_macro   0x00020bc5       0x80 ./Core/Src/main.o
 .debug_macro   0x00020c45       0x97 ./Core/Src/main.o
 .debug_macro   0x00020cdc      0x197 ./Core/Src/main.o
 .debug_macro   0x00020e73      0x37c ./Core/Src/stm32f4xx_hal_msp.o
 .debug_macro   0x000211ef      0x1e7 ./Core/Src/stm32f4xx_hal_timebase_tim.o
 .debug_macro   0x000213d6      0x386 ./Core/Src/stm32f4xx_it.o
 .debug_macro   0x0002175c      0x1e7 ./Core/Src/system_stm32f4xx.o
 .debug_macro   0x00021943      0x37c ./Core/Src/task_handler.o
 .debug_macro   0x00021cbf      0x247 ./Drivers/STM32F4xx_HAL_Driver/Src/stm32f4xx_hal.o
 .debug_macro   0x00021f06      0x1e7 ./Drivers/STM32F4xx_HAL_Driver/Src/stm32f4xx_hal_cortex.o
 .debug_macro   0x000220ed      0x1ed ./Drivers/STM32F4xx_HAL_Driver/Src/stm32f4xx_hal_dma.o
 .debug_macro   0x000222da      0x1ed ./Drivers/STM32F4xx_HAL_Driver/Src/stm32f4xx_hal_gpio.o
 .debug_macro   0x000224c7      0x20b ./Drivers/STM32F4xx_HAL_Driver/Src/stm32f4xx_hal_rcc.o
 .debug_macro   0x000226d2      0x1e7 ./Drivers/STM32F4xx_HAL_Driver/Src/stm32f4xx_hal_rcc_ex.o
 .debug_macro   0x000228b9      0x1e8 ./Drivers/STM32F4xx_HAL_Driver/Src/stm32f4xx_hal_rtc.o
 .debug_macro   0x00022aa1      0x1e8 ./Drivers/STM32F4xx_HAL_Driver/Src/stm32f4xx_hal_tim.o
 .debug_macro   0x00022c89      0x1e7 ./Drivers/STM32F4xx_HAL_Driver/Src/stm32f4xx_hal_tim_ex.o
 .debug_macro   0x00022e70      0x1e8 ./Drivers/STM32F4xx_HAL_Driver/Src/stm32f4xx_hal_uart.o
 .debug_macro   0x00023058      0x193 ./common/ThirdParty/FreeRTOS/list.o
 .debug_macro   0x000231eb      0x21c ./common/ThirdParty/FreeRTOS/queue.o
 .debug_macro   0x00023407       0x16 ./common/ThirdParty/FreeRTOS/queue.o
 .debug_macro   0x0002341d      0x280 ./common/ThirdParty/FreeRTOS/tasks.o
 .debug_macro   0x0002369d       0x10 ./common/ThirdParty/FreeRTOS/tasks.o
 .debug_macro   0x000236ad      0x196 ./common/ThirdParty/FreeRTOS/portable/GCC/ARM_CM4F/port.o
 .debug_macro   0x00023843      0x1ae ./common/ThirdParty/FreeRTOS/portable/MemMang/heap_4.o

.debug_line     0x00000000    0x15fdd
 .debug_line    0x00000000      0xcd8 ./Core/Src/main.o
 .debug_line    0x00000cd8      0xac3 ./Core/Src/stm32f4xx_hal_msp.o
 .debug_line    0x0000179b      0x7f5 ./Core/Src/stm32f4xx_hal_timebase_tim.o
 .debug_line    0x00001f90      0xac3 ./Core/Src/stm32f4xx_it.o
 .debug_line    0x00002a53      0x7ed ./Core/Src/system_stm32f4xx.o
 .debug_line    0x00003240      0xa69 ./Core/Src/task_handler.o
 .debug_line    0x00003ca9       0x7a ./Core/Startup/startup_stm32f407vgtx.o
 .debug_line    0x00003d23      0xa69 ./Drivers/STM32F4xx_HAL_Driver/Src/stm32f4xx_hal.o
 .debug_line    0x0000478c      0xd39 ./Drivers/STM32F4xx_HAL_Driver/Src/stm32f4xx_hal_cortex.o
 .debug_line    0x000054c5      0xfd5 ./Drivers/STM32F4xx_HAL_Driver/Src/stm32f4xx_hal_dma.o
 .debug_line    0x0000649a      0xbc1 ./Drivers/STM32F4xx_HAL_Driver/Src/stm32f4xx_hal_gpio.o
 .debug_line    0x0000705b      0xe78 ./Drivers/STM32F4xx_HAL_Driver/Src/stm32f4xx_hal_rcc.o
 .debug_line    0x00007ed3      0xad8 ./Drivers/STM32F4xx_HAL_Driver/Src/stm32f4xx_hal_rcc_ex.o
 .debug_line    0x000089ab     0x119a ./Drivers/STM32F4xx_HAL_Driver/Src/stm32f4xx_hal_rtc.o
 .debug_line    0x00009b45     0x37de ./Drivers/STM32F4xx_HAL_Driver/Src/stm32f4xx_hal_tim.o
 .debug_line    0x0000d323     0x19c9 ./Drivers/STM32F4xx_HAL_Driver/Src/stm32f4xx_hal_tim_ex.o
 .debug_line    0x0000ecec     0x25b1 ./Drivers/STM32F4xx_HAL_Driver/Src/stm32f4xx_hal_uart.o
 .debug_line    0x0001129d      0x7a5 ./common/ThirdParty/FreeRTOS/list.o
 .debug_line    0x00011a42     0x1600 ./common/ThirdParty/FreeRTOS/queue.o
 .debug_line    0x00013042     0x1d1b ./common/ThirdParty/FreeRTOS/tasks.o
 .debug_line    0x00014d5d      0x8a7 ./common/ThirdParty/FreeRTOS/portable/GCC/ARM_CM4F/port.o
 .debug_line    0x00015604      0x9d9 ./common/ThirdParty/FreeRTOS/portable/MemMang/heap_4.o

.debug_str      0x00000000    0xd9f69
 .debug_str     0x00000000    0xd9f69 ./Core/Src/main.o
                              0xd407a (size before relaxing)
 .debug_str     0x000d9f69    0xd4080 ./Core/Src/stm32f4xx_hal_msp.o
 .debug_str     0x000d9f69    0xca4e8 ./Core/Src/stm32f4xx_hal_timebase_tim.o
 .debug_str     0x000d9f69    0xd3a38 ./Core/Src/stm32f4xx_it.o
 .debug_str     0x000d9f69    0xc99f1 ./Core/Src/system_stm32f4xx.o
 .debug_str     0x000d9f69    0xd324d ./Core/Src/task_handler.o
 .debug_str     0x000d9f69       0x73 ./Core/Startup/startup_stm32f407vgtx.o
 .debug_str     0x000d9f69    0xca575 ./Drivers/STM32F4xx_HAL_Driver/Src/stm32f4xx_hal.o
 .debug_str     0x000d9f69    0xca2f1 ./Drivers/STM32F4xx_HAL_Driver/Src/stm32f4xx_hal_cortex.o
 .debug_str     0x000d9f69    0xc9e0b ./Drivers/STM32F4xx_HAL_Driver/Src/stm32f4xx_hal_dma.o
 .debug_str     0x000d9f69    0xc9b6c ./Drivers/STM32F4xx_HAL_Driver/Src/stm32f4xx_hal_gpio.o
 .debug_str     0x000d9f69    0xc9e25 ./Drivers/STM32F4xx_HAL_Driver/Src/stm32f4xx_hal_rcc.o
 .debug_str     0x000d9f69    0xc9b43 ./Drivers/STM32F4xx_HAL_Driver/Src/stm32f4xx_hal_rcc_ex.o
 .debug_str     0x000d9f69    0xc9e60 ./Drivers/STM32F4xx_HAL_Driver/Src/stm32f4xx_hal_rtc.o
 .debug_str     0x000d9f69    0xcad7b ./Drivers/STM32F4xx_HAL_Driver/Src/stm32f4xx_hal_tim.o
 .debug_str     0x000d9f69    0xca587 ./Drivers/STM32F4xx_HAL_Driver/Src/stm32f4xx_hal_tim_ex.o
 .debug_str     0x000d9f69    0xca406 ./Drivers/STM32F4xx_HAL_Driver/Src/stm32f4xx_hal_uart.o
 .debug_str     0x000d9f69     0xaf7a ./common/ThirdParty/FreeRTOS/list.o
 .debug_str     0x000d9f69     0xd405 ./common/ThirdParty/FreeRTOS/queue.o
 .debug_str     0x000d9f69     0xe1f5 ./common/ThirdParty/FreeRTOS/tasks.o
 .debug_str     0x000d9f69     0x96af ./common/ThirdParty/FreeRTOS/portable/GCC/ARM_CM4F/port.o
 .debug_str     0x000d9f69     0xc443 ./common/ThirdParty/FreeRTOS/portable/MemMang/heap_4.o

.comment        0x00000000       0x43
 .comment       0x00000000       0x43 ./Core/Src/main.o
                                 0x44 (size before relaxing)
 .comment       0x00000043       0x44 ./Core/Src/stm32f4xx_hal_msp.o
 .comment       0x00000043       0x44 ./Core/Src/stm32f4xx_hal_timebase_tim.o
 .comment       0x00000043       0x44 ./Core/Src/stm32f4xx_it.o
 .comment       0x00000043       0x44 ./Core/Src/system_stm32f4xx.o
 .comment       0x00000043       0x44 ./Core/Src/task_handler.o
 .comment       0x00000043       0x44 ./Drivers/STM32F4xx_HAL_Driver/Src/stm32f4xx_hal.o
 .comment       0x00000043       0x44 ./Drivers/STM32F4xx_HAL_Driver/Src/stm32f4xx_hal_cortex.o
 .comment       0x00000043       0x44 ./Drivers/STM32F4xx_HAL_Driver/Src/stm32f4xx_hal_dma.o
 .comment       0x00000043       0x44 ./Drivers/STM32F4xx_HAL_Driver/Src/stm32f4xx_hal_gpio.o
 .comment       0x00000043       0x44 ./Drivers/STM32F4xx_HAL_Driver/Src/stm32f4xx_hal_rcc.o
 .comment       0x00000043       0x44 ./Drivers/STM32F4xx_HAL_Driver/Src/stm32f4xx_hal_rcc_ex.o
 .comment       0x00000043       0x44 ./Drivers/STM32F4xx_HAL_Driver/Src/stm32f4xx_hal_rtc.o
 .comment       0x00000043       0x44 ./Drivers/STM32F4xx_HAL_Driver/Src/stm32f4xx_hal_tim.o
 .comment       0x00000043       0x44 ./Drivers/STM32F4xx_HAL_Driver/Src/stm32f4xx_hal_tim_ex.o
 .comment       0x00000043       0x44 ./Drivers/STM32F4xx_HAL_Driver/Src/stm32f4xx_hal_uart.o
 .comment       0x00000043       0x44 ./common/ThirdParty/FreeRTOS/list.o
 .comment       0x00000043       0x44 ./common/ThirdParty/FreeRTOS/queue.o
 .comment       0x00000043       0x44 ./common/ThirdParty/FreeRTOS/tasks.o
 .comment       0x00000043       0x44 ./common/ThirdParty/FreeRTOS/portable/GCC/ARM_CM4F/port.o
 .comment       0x00000043       0x44 ./common/ThirdParty/FreeRTOS/portable/MemMang/heap_4.o

.debug_frame    0x00000000     0x4b20
 .debug_frame   0x00000000       0xf0 ./Core/Src/main.o
 .debug_frame   0x000000f0       0xc8 ./Core/Src/stm32f4xx_hal_msp.o
 .debug_frame   0x000001b8       0x74 ./Core/Src/stm32f4xx_hal_timebase_tim.o
 .debug_frame   0x0000022c       0xe0 ./Core/Src/stm32f4xx_it.o
 .debug_frame   0x0000030c       0x58 ./Core/Src/system_stm32f4xx.o
 .debug_frame   0x00000364       0x9c ./Core/Src/task_handler.o
 .debug_frame   0x00000400      0x374 ./Drivers/STM32F4xx_HAL_Driver/Src/stm32f4xx_hal.o
 .debug_frame   0x00000774      0x508 ./Drivers/STM32F4xx_HAL_Driver/Src/stm32f4xx_hal_cortex.o
 .debug_frame   0x00000c7c      0x250 ./Drivers/STM32F4xx_HAL_Driver/Src/stm32f4xx_hal_dma.o
 .debug_frame   0x00000ecc      0x14c ./Drivers/STM32F4xx_HAL_Driver/Src/stm32f4xx_hal_gpio.o
 .debug_frame   0x00001018      0x1f4 ./Drivers/STM32F4xx_HAL_Driver/Src/stm32f4xx_hal_rcc.o
 .debug_frame   0x0000120c       0xf0 ./Drivers/STM32F4xx_HAL_Driver/Src/stm32f4xx_hal_rcc_ex.o
 .debug_frame   0x000012fc      0x3f4 ./Drivers/STM32F4xx_HAL_Driver/Src/stm32f4xx_hal_rtc.o
 .debug_frame   0x000016f0     0x11c0 ./Drivers/STM32F4xx_HAL_Driver/Src/stm32f4xx_hal_tim.o
 .debug_frame   0x000028b0      0x638 ./Drivers/STM32F4xx_HAL_Driver/Src/stm32f4xx_hal_tim_ex.o
 .debug_frame   0x00002ee8      0x954 ./Drivers/STM32F4xx_HAL_Driver/Src/stm32f4xx_hal_uart.o
 .debug_frame   0x0000383c       0xd8 ./common/ThirdParty/FreeRTOS/list.o
 .debug_frame   0x00003914      0x534 ./common/ThirdParty/FreeRTOS/queue.o
 .debug_frame   0x00003e48      0x930 ./common/ThirdParty/FreeRTOS/tasks.o
 .debug_frame   0x00004778      0x1d0 ./common/ThirdParty/FreeRTOS/portable/GCC/ARM_CM4F/port.o
 .debug_frame   0x00004948      0x12c ./common/ThirdParty/FreeRTOS/portable/MemMang/heap_4.o
 .debug_frame   0x00004a74       0x20 C:/ST/STM32CubeIDE_1.17.0/STM32CubeIDE/plugins/com.st.stm32cube.ide.mcu.externaltools.gnu-tools-for-stm32.13.3.rel1.win32_1.0.0.202411081344/tools/bin/../lib/gcc/arm-none-eabi/13.3.1/../../../../arm-none-eabi/lib/thumb/v7e-m+fp/hard\libc_nano.a(libc_a-memset.o)
 .debug_frame   0x00004a94       0x2c C:/ST/STM32CubeIDE_1.17.0/STM32CubeIDE/plugins/com.st.stm32cube.ide.mcu.externaltools.gnu-tools-for-stm32.13.3.rel1.win32_1.0.0.202411081344/tools/bin/../lib/gcc/arm-none-eabi/13.3.1/../../../../arm-none-eabi/lib/thumb/v7e-m+fp/hard\libc_nano.a(libc_a-init.o)
 .debug_frame   0x00004ac0       0x2c C:/ST/STM32CubeIDE_1.17.0/STM32CubeIDE/plugins/com.st.stm32cube.ide.mcu.externaltools.gnu-tools-for-stm32.13.3.rel1.win32_1.0.0.202411081344/tools/bin/../lib/gcc/arm-none-eabi/13.3.1/thumb/v7e-m+fp/hard\libgcc.a(_aeabi_uldivmod.o)
 .debug_frame   0x00004aec       0x34 C:/ST/STM32CubeIDE_1.17.0/STM32CubeIDE/plugins/com.st.stm32cube.ide.mcu.externaltools.gnu-tools-for-stm32.13.3.rel1.win32_1.0.0.202411081344/tools/bin/../lib/gcc/arm-none-eabi/13.3.1/thumb/v7e-m+fp/hard\libgcc.a(_udivmoddi4.o)

.debug_line_str
                0x00000000       0x57
 .debug_line_str
                0x00000000       0x57 ./Core/Startup/startup_stm32f407vgtx.o
