../Core/Src/main.c:89:5:main	16	static
../Core/Src/main.c:145:6:SystemClock_Config	88	static
../Core/Src/main.c:192:13:MX_USART2_UART_Init	8	static
../Core/Src/main.c:225:13:MX_GPIO_Init	56	static
../Core/Src/main.c:365:13:vManagerTask	24	static,ignoring_inline_asm
../Core/Src/main.c:386:6:EmployeeDoWork	16	static
../Core/Src/main.c:394:13:vEmployeeTask	24	static
../Core/Src/main.c:416:6:printmsg	24	static
../Core/Src/main.c:433:6:HAL_TIM_PeriodElapsedCallback	16	static
../Core/Src/main.c:451:6:Error_Handler	4	static,ignoring_inline_asm
