../Core/Src/main.c:89:5:main	56	static,ignoring_inline_asm
../Core/Src/main.c:163:6:SystemClock_Config	88	static
../Core/Src/main.c:211:13:MX_RTC_Init	8	static
../Core/Src/main.c:246:13:MX_USART2_UART_Init	8	static
../Core/Src/main.c:279:13:MX_GPIO_Init	56	static
../Core/Src/main.c:421:6:HAL_UART_RxCpltCallback	32	static
../Core/Src/main.c:456:6:led_effect_callback	24	static
../Core/Src/main.c:477:6:rtc_report_callback	16	static
../Core/Src/main.c:492:6:HAL_TIM_PeriodElapsedCallback	16	static
../Core/Src/main.c:510:6:Error_Handler	4	static,ignoring_inline_asm
