../Core/Src/main.c:86:5:main	56	static,ignoring_inline_asm
../Core/Src/main.c:159:6:SystemClock_Config	88	static
../Core/Src/main.c:207:13:MX_RTC_Init	8	static
../Core/Src/main.c:242:13:MX_USART2_UART_Init	8	static
../Core/Src/main.c:275:13:MX_GPIO_Init	56	static
../Core/Src/main.c:417:6:HAL_UART_RxCpltCallback	32	static
../Core/Src/main.c:452:6:led_effect_callback	24	static
../Core/Src/main.c:483:6:HAL_TIM_PeriodElapsedCallback	16	static
../Core/Src/main.c:501:6:Error_Handler	4	static,ignoring_inline_asm
