17:20:32 **** Incremental Build of configuration Debug for project 008_Queue_n_times ****
make -j8 all 
arm-none-eabi-gcc "../Core/Src/main.c" -mcpu=cortex-m4 -std=gnu11 -g3 -DDEBUG -DUSE_HAL_DRIVER -DSTM32F407xx -c -I../Core/Inc -I../Drivers/STM32F4xx_HAL_Driver/Inc -I../Drivers/STM32F4xx_HAL_Driver/Inc/Legacy -I../Drivers/CMSIS/Device/ST/STM32F4xx/Include -I../Drivers/CMSIS/Include -I"D:/RTOS/RTOS_workspace/common/ThirdParty/FreeRTOS/include" -I"D:/RTOS/RTOS_workspace/common/ThirdParty/FreeRTOS/portable/GCC/ARM_CM4F" -I"D:/RTOS/RTOS_workspace/common/ThirdParty/SEGGER/Config" -I"D:/RTOS/RTOS_workspace/common/ThirdParty/SEGGER/OS" -I"D:/RTOS/RTOS_workspace/common/ThirdParty/SEGGER/SEGGER" -O0 -ffunction-sections -fdata-sections -Wall -fstack-usage -fcyclomatic-complexity -MMD -MP -MF"Core/Src/main.d" -MT"Core/Src/main.o" --specs=nano.specs -mfpu=fpv4-sp-d16 -mfloat-abi=hard -mthumb -o "Core/Src/main.o"
arm-none-eabi-gcc "../Core/Src/stm32f4xx_hal_msp.c" -mcpu=cortex-m4 -std=gnu11 -g3 -DDEBUG -DUSE_HAL_DRIVER -DSTM32F407xx -c -I../Core/Inc -I../Drivers/STM32F4xx_HAL_Driver/Inc -I../Drivers/STM32F4xx_HAL_Driver/Inc/Legacy -I../Drivers/CMSIS/Device/ST/STM32F4xx/Include -I../Drivers/CMSIS/Include -I"D:/RTOS/RTOS_workspace/common/ThirdParty/FreeRTOS/include" -I"D:/RTOS/RTOS_workspace/common/ThirdParty/FreeRTOS/portable/GCC/ARM_CM4F" -I"D:/RTOS/RTOS_workspace/common/ThirdParty/SEGGER/Config" -I"D:/RTOS/RTOS_workspace/common/ThirdParty/SEGGER/OS" -I"D:/RTOS/RTOS_workspace/common/ThirdParty/SEGGER/SEGGER" -O0 -ffunction-sections -fdata-sections -Wall -fstack-usage -fcyclomatic-complexity -MMD -MP -MF"Core/Src/stm32f4xx_hal_msp.d" -MT"Core/Src/stm32f4xx_hal_msp.o" --specs=nano.specs -mfpu=fpv4-sp-d16 -mfloat-abi=hard -mthumb -o "Core/Src/stm32f4xx_hal_msp.o"
arm-none-eabi-gcc "../Core/Src/stm32f4xx_it.c" -mcpu=cortex-m4 -std=gnu11 -g3 -DDEBUG -DUSE_HAL_DRIVER -DSTM32F407xx -c -I../Core/Inc -I../Drivers/STM32F4xx_HAL_Driver/Inc -I../Drivers/STM32F4xx_HAL_Driver/Inc/Legacy -I../Drivers/CMSIS/Device/ST/STM32F4xx/Include -I../Drivers/CMSIS/Include -I"D:/RTOS/RTOS_workspace/common/ThirdParty/FreeRTOS/include" -I"D:/RTOS/RTOS_workspace/common/ThirdParty/FreeRTOS/portable/GCC/ARM_CM4F" -I"D:/RTOS/RTOS_workspace/common/ThirdParty/SEGGER/Config" -I"D:/RTOS/RTOS_workspace/common/ThirdParty/SEGGER/OS" -I"D:/RTOS/RTOS_workspace/common/ThirdParty/SEGGER/SEGGER" -O0 -ffunction-sections -fdata-sections -Wall -fstack-usage -fcyclomatic-complexity -MMD -MP -MF"Core/Src/stm32f4xx_it.d" -MT"Core/Src/stm32f4xx_it.o" --specs=nano.specs -mfpu=fpv4-sp-d16 -mfloat-abi=hard -mthumb -o "Core/Src/stm32f4xx_it.o"
arm-none-eabi-gcc "../Core/Src/task_handler.c" -mcpu=cortex-m4 -std=gnu11 -g3 -DDEBUG -DUSE_HAL_DRIVER -DSTM32F407xx -c -I../Core/Inc -I../Drivers/STM32F4xx_HAL_Driver/Inc -I../Drivers/STM32F4xx_HAL_Driver/Inc/Legacy -I../Drivers/CMSIS/Device/ST/STM32F4xx/Include -I../Drivers/CMSIS/Include -I"D:/RTOS/RTOS_workspace/common/ThirdParty/FreeRTOS/include" -I"D:/RTOS/RTOS_workspace/common/ThirdParty/FreeRTOS/portable/GCC/ARM_CM4F" -I"D:/RTOS/RTOS_workspace/common/ThirdParty/SEGGER/Config" -I"D:/RTOS/RTOS_workspace/common/ThirdParty/SEGGER/OS" -I"D:/RTOS/RTOS_workspace/common/ThirdParty/SEGGER/SEGGER" -O0 -ffunction-sections -fdata-sections -Wall -fstack-usage -fcyclomatic-complexity -MMD -MP -MF"Core/Src/task_handler.d" -MT"Core/Src/task_handler.o" --specs=nano.specs -mfpu=fpv4-sp-d16 -mfloat-abi=hard -mthumb -o "Core/Src/task_handler.o"
arm-none-eabi-gcc -o "008_Queue_n_times.elf" @"objects.list"   -mcpu=cortex-m4 -T"D:\RTOS\RTOS_workspace\008_Queue_n_times\STM32F407VGTX_FLASH.ld" --specs=nosys.specs -Wl,-Map="008_Queue_n_times.map" -Wl,--gc-sections -static --specs=nano.specs -mfpu=fpv4-sp-d16 -mfloat-abi=hard -mthumb -Wl,--start-group -lc -lm -Wl,--end-group
Finished building target: 008_Queue_n_times.elf
 
arm-none-eabi-size  008_Queue_n_times.elf 
arm-none-eabi-objdump -h -S 008_Queue_n_times.elf  > "008_Queue_n_times.list"
   text	   data	    bss	    dec	    hex	filename
  18860	     16	 104472	 123348	  1e1d4	008_Queue_n_times.elf
Finished building: default.size.stdout
 
Finished building: 008_Queue_n_times.list
 

17:20:34 Build Finished. 0 errors, 0 warnings. (took 2s.215ms)

