11:51:07 **** Incremental Build of configuration Debug for project 007_ExchangedTaskPriority ****
make -j8 all 
arm-none-eabi-gcc "../Core/Src/main.c" -mcpu=cortex-m4 -std=gnu11 -g3 -DDEBUG -DUSE_HAL_DRIVER -DSTM32F407xx -c -I../Core/Inc -I../Drivers/STM32F4xx_HAL_Driver/Inc -I../Drivers/STM32F4xx_HAL_Driver/Inc/Legacy -I../Drivers/CMSIS/Device/ST/STM32F4xx/Include -I../Drivers/CMSIS/Include -I"D:/RTOS/RTOS_workspace/common/ThirdParty/FreeRTOS/include" -I"D:/RTOS/RTOS_workspace/common/ThirdParty/FreeRTOS/portable/GCC/ARM_CM4F" -I"D:/RTOS/RTOS_workspace/common/ThirdParty/SEGGER/Config" -I"D:/RTOS/RTOS_workspace/common/ThirdParty/SEGGER/OS" -I"D:/RTOS/RTOS_workspace/common/ThirdParty/SEGGER/SEGGER" -O0 -ffunction-sections -fdata-sections -Wall -fstack-usage -fcyclomatic-complexity -MMD -MP -MF"Core/Src/main.d" -MT"Core/Src/main.o" --specs=nano.specs -mfpu=fpv4-sp-d16 -mfloat-abi=hard -mthumb -o "Core/Src/main.o"
arm-none-eabi-gcc -o "007_ExchangedTaskPriority.elf" @"objects.list"   -mcpu=cortex-m4 -T"D:\RTOS\RTOS_workspace\007_ExchangedTaskPriority\STM32F407VGTX_FLASH.ld" --specs=nosys.specs -Wl,-Map="007_ExchangedTaskPriority.map" -Wl,--gc-sections -static --specs=nano.specs -mfpu=fpv4-sp-d16 -mfloat-abi=hard -mthumb -Wl,--start-group -lc -lm -Wl,--end-group
Finished building target: 007_ExchangedTaskPriority.elf
 
arm-none-eabi-size  007_ExchangedTaskPriority.elf 
arm-none-eabi-objdump -h -S 007_ExchangedTaskPriority.elf  > "007_ExchangedTaskPriority.list"
   text	   data	    bss	    dec	    hex	filename
  23124	     24	 110104	 133252	  20884	007_ExchangedTaskPriority.elf
Finished building: default.size.stdout
 
Finished building: 007_ExchangedTaskPriority.list
 
11:51:12 **** Incremental Build of configuration Debug for project 007_ExchangedTaskPriority ****
make -j8 all 
arm-none-eabi-size  007_ExchangedTaskPriority.elf 
   text	   data	    bss	    dec	    hex	filename
  23124	     24	 110104	 133252	  20884	007_ExchangedTaskPriority.elf
Finished building: default.size.stdout
 
